Archive member included to satisfy reference by file (symbol)

c:/program files (x86)/atmel/studio/7.0/toolchain/arm/arm-gnu-toolchain/bin/../lib/gcc/arm-none-eabi/6.3.1/thumb/v6-m\libgcc.a(_thumb1_case_sqi.o)
                              Component/winc1500/driver/source/m2m_ssl.o (__gnu_thumb1_case_sqi)
c:/program files (x86)/atmel/studio/7.0/toolchain/arm/arm-gnu-toolchain/bin/../lib/gcc/arm-none-eabi/6.3.1/thumb/v6-m\libgcc.a(_thumb1_case_uqi.o)
                              Component/winc1500/driver/source/m2m_hif.o (__gnu_thumb1_case_uqi)
c:/program files (x86)/atmel/studio/7.0/toolchain/arm/arm-gnu-toolchain/bin/../lib/gcc/arm-none-eabi/6.3.1/thumb/v6-m\libgcc.a(_thumb1_case_shi.o)
                              tcpip_lite/source/tcpv4.o (__gnu_thumb1_case_shi)
c:/program files (x86)/atmel/studio/7.0/toolchain/arm/arm-gnu-toolchain/bin/../lib/gcc/arm-none-eabi/6.3.1/thumb/v6-m\libgcc.a(_thumb1_case_uhi.o)
                              tcpip_lite/source/tcpv4.o (__gnu_thumb1_case_uhi)
c:/program files (x86)/atmel/studio/7.0/toolchain/arm/arm-gnu-toolchain/bin/../lib/gcc/arm-none-eabi/6.3.1/thumb/v6-m\libgcc.a(_udivsi3.o)
                              hal/src/hal_flash.o (__aeabi_uidiv)
c:/program files (x86)/atmel/studio/7.0/toolchain/arm/arm-gnu-toolchain/bin/../lib/gcc/arm-none-eabi/6.3.1/thumb/v6-m\libgcc.a(_divsi3.o)
                              Component/winc1500/socket/source/socket.o (__aeabi_idivmod)
c:/program files (x86)/atmel/studio/7.0/toolchain/arm/arm-gnu-toolchain/bin/../lib/gcc/arm-none-eabi/6.3.1/thumb/v6-m\libgcc.a(_dvmd_tls.o)
                              c:/program files (x86)/atmel/studio/7.0/toolchain/arm/arm-gnu-toolchain/bin/../lib/gcc/arm-none-eabi/6.3.1/thumb/v6-m\libgcc.a(_udivsi3.o) (__aeabi_idiv0)
c:/program files (x86)/atmel/studio/7.0/toolchain/arm/arm-gnu-toolchain/bin/../lib/gcc/arm-none-eabi/6.3.1/thumb/v6-m\libgcc.a(_aeabi_uldivmod.o)
                              hpl/sercom/hpl_sercom.o (__aeabi_uldivmod)
c:/program files (x86)/atmel/studio/7.0/toolchain/arm/arm-gnu-toolchain/bin/../lib/gcc/arm-none-eabi/6.3.1/thumb/v6-m\libgcc.a(_muldi3.o)
                              hpl/sercom/hpl_sercom.o (__aeabi_lmul)
c:/program files (x86)/atmel/studio/7.0/toolchain/arm/arm-gnu-toolchain/bin/../lib/gcc/arm-none-eabi/6.3.1/thumb/v6-m\libgcc.a(_ffssi2.o)
                              hpl/eic/hpl_eic.o (__ffssi2)
c:/program files (x86)/atmel/studio/7.0/toolchain/arm/arm-gnu-toolchain/bin/../lib/gcc/arm-none-eabi/6.3.1/thumb/v6-m\libgcc.a(_fixunsdfsi.o)
                              hpl/sercom/hpl_sercom.o (__aeabi_d2uiz)
c:/program files (x86)/atmel/studio/7.0/toolchain/arm/arm-gnu-toolchain/bin/../lib/gcc/arm-none-eabi/6.3.1/thumb/v6-m\libgcc.a(_udivmoddi4.o)
                              c:/program files (x86)/atmel/studio/7.0/toolchain/arm/arm-gnu-toolchain/bin/../lib/gcc/arm-none-eabi/6.3.1/thumb/v6-m\libgcc.a(_aeabi_uldivmod.o) (__udivmoddi4)
c:/program files (x86)/atmel/studio/7.0/toolchain/arm/arm-gnu-toolchain/bin/../lib/gcc/arm-none-eabi/6.3.1/thumb/v6-m\libgcc.a(divdf3.o)
                              hpl/sercom/hpl_sercom.o (__aeabi_ddiv)
c:/program files (x86)/atmel/studio/7.0/toolchain/arm/arm-gnu-toolchain/bin/../lib/gcc/arm-none-eabi/6.3.1/thumb/v6-m\libgcc.a(muldf3.o)
                              hpl/sercom/hpl_sercom.o (__aeabi_dmul)
c:/program files (x86)/atmel/studio/7.0/toolchain/arm/arm-gnu-toolchain/bin/../lib/gcc/arm-none-eabi/6.3.1/thumb/v6-m\libgcc.a(subdf3.o)
                              hpl/sercom/hpl_sercom.o (__aeabi_dsub)
c:/program files (x86)/atmel/studio/7.0/toolchain/arm/arm-gnu-toolchain/bin/../lib/gcc/arm-none-eabi/6.3.1/thumb/v6-m\libgcc.a(fixdfsi.o)
                              c:/program files (x86)/atmel/studio/7.0/toolchain/arm/arm-gnu-toolchain/bin/../lib/gcc/arm-none-eabi/6.3.1/thumb/v6-m\libgcc.a(_fixunsdfsi.o) (__aeabi_d2iz)
c:/program files (x86)/atmel/studio/7.0/toolchain/arm/arm-gnu-toolchain/bin/../lib/gcc/arm-none-eabi/6.3.1/thumb/v6-m\libgcc.a(floatsidf.o)
                              hpl/sercom/hpl_sercom.o (__aeabi_i2d)
c:/program files (x86)/atmel/studio/7.0/toolchain/arm/arm-gnu-toolchain/bin/../lib/gcc/arm-none-eabi/6.3.1/thumb/v6-m\libgcc.a(floatunsidf.o)
                              hpl/sercom/hpl_sercom.o (__aeabi_ui2d)
c:/program files (x86)/atmel/studio/7.0/toolchain/arm/arm-gnu-toolchain/bin/../lib/gcc/arm-none-eabi/6.3.1/thumb/v6-m\libgcc.a(_arm_cmpdf2.o)
                              c:/program files (x86)/atmel/studio/7.0/toolchain/arm/arm-gnu-toolchain/bin/../lib/gcc/arm-none-eabi/6.3.1/thumb/v6-m\libgcc.a(_fixunsdfsi.o) (__aeabi_dcmpge)
c:/program files (x86)/atmel/studio/7.0/toolchain/arm/arm-gnu-toolchain/bin/../lib/gcc/arm-none-eabi/6.3.1/thumb/v6-m\libgcc.a(_clzsi2.o)
                              c:/program files (x86)/atmel/studio/7.0/toolchain/arm/arm-gnu-toolchain/bin/../lib/gcc/arm-none-eabi/6.3.1/thumb/v6-m\libgcc.a(divdf3.o) (__clzsi2)
[...]
Memory Configuration

Name             Origin             Length             Attributes
rom              0x00000000         0x00040000         xr
ram              0x20000000         0x00008000         xrw
*default*        0x00000000         0xffffffff

Linker script and memory map

LOAD c:/program files (x86)/atmel/studio/7.0/toolchain/arm/arm-gnu-toolchain/bin/../lib/gcc/arm-none-eabi/6.3.1/thumb/v6-m/crti.o
LOAD c:/program files (x86)/atmel/studio/7.0/toolchain/arm/arm-gnu-toolchain/bin/../lib/gcc/arm-none-eabi/6.3.1/thumb/v6-m/crtbegin.o
LOAD c:/program files (x86)/atmel/studio/7.0/toolchain/arm/arm-gnu-toolchain/bin/../lib/gcc/arm-none-eabi/6.3.1/../../../../arm-none-eabi/lib/thumb/v6-m/crt0.o
LOAD App/DcaApp.o
LOAD atmel_start.o
LOAD Component/winc1500/bsp/source/nm_bsp.o
LOAD Component/winc1500/bus_wrapper/source/nm_bus_wrapper.o
LOAD Component/winc1500/common/source/nm_common.o
LOAD Component/winc1500/driver/source/m2m_ate_mode.o
LOAD Component/winc1500/driver/source/m2m_crypto.o
LOAD Component/winc1500/driver/source/m2m_hif.o
LOAD Component/winc1500/driver/source/m2m_ota.o
LOAD Component/winc1500/driver/source/m2m_periph.o
LOAD Component/winc1500/driver/source/m2m_ssl.o
LOAD Component/winc1500/driver/source/m2m_wifi.o
LOAD Component/winc1500/driver/source/nmasic.o
LOAD Component/winc1500/driver/source/nmbus.o
LOAD Component/winc1500/driver/source/nmdrv.o
LOAD Component/winc1500/driver/source/nmi2c.o
LOAD Component/winc1500/driver/source/nmspi.o
LOAD Component/winc1500/driver/source/nmuart.o
LOAD Component/winc1500/socket/source/socket.o
LOAD Component/winc1500/spi_flash/source/flexible_flash.o
LOAD Component/winc1500/spi_flash/source/spi_flash.o
LOAD Component/winc1500/winc_init.o
LOAD Core/Debug.o
LOAD Core/Ethernet.o
LOAD Core/Timer.o
LOAD Core/Watchdog.o
LOAD Core/Wifi.o
LOAD Device_Startup/startup_samd20.o
LOAD Device_Startup/system_samd20.o
LOAD driver_init.o
LOAD examples/driver_examples.o
LOAD hal/src/hal_atomic.o
LOAD hal/src/hal_delay.o
LOAD hal/src/hal_ext_irq.o
LOAD hal/src/hal_flash.o
LOAD hal/src/hal_gpio.o
LOAD hal/src/hal_init.o
LOAD hal/src/hal_io.o
LOAD hal/src/hal_sleep.o
LOAD hal/src/hal_spi_m_sync.o
LOAD hal/src/hal_timer.o
LOAD hal/src/hal_wdt.o
LOAD hal/utils/src/utils_assert.o
LOAD hal/utils/src/utils_event.o
LOAD hal/utils/src/utils_list.o
LOAD hal/utils/src/utils_syscalls.o
LOAD hpl/core/hpl_core_m0plus_base.o
LOAD hpl/core/hpl_init.o
LOAD hpl/eic/hpl_eic.o
LOAD hpl/gclk/hpl_gclk.o
LOAD hpl/nvmctrl/hpl_nvmctrl.o
LOAD hpl/pm/hpl_pm.o
LOAD hpl/sercom/hpl_sercom.o
LOAD hpl/sysctrl/hpl_sysctrl.o
LOAD hpl/systick/hpl_systick.o
LOAD hpl/tc/hpl_tc.o
LOAD hpl/wdt/hpl_wdt.o
LOAD main.o
LOAD tcpip_lite/ethernet_drivers/enc28j60.o
LOAD tcpip_lite/source/arpv4.o
LOAD tcpip_lite/source/dhcp_client.o
LOAD tcpip_lite/source/icmp.o
LOAD tcpip_lite/source/ipv4.o
LOAD tcpip_lite/source/mac_address.o
LOAD tcpip_lite/source/network.o
LOAD tcpip_lite/source/syslog.o
LOAD tcpip_lite/source/tcpv4.o
LOAD tcpip_lite/source/udpv4.o
LOAD tcpip_lite_start.o
START GROUP
LOAD c:/program files (x86)/atmel/studio/7.0/toolchain/arm/arm-gnu-toolchain/bin/../lib/gcc/arm-none-eabi/6.3.1/../../../../arm-none-eabi/lib/thumb/v6-m\libm.a
END GROUP
START GROUP
LOAD c:/program files (x86)/atmel/studio/7.0/toolchain/arm/arm-gnu-toolchain/bin/../lib/gcc/arm-none-eabi/6.3.1/thumb/v6-m\libgcc.a
LOAD c:/program files (x86)/atmel/studio/7.0/toolchain/arm/arm-gnu-toolchain/bin/../lib/gcc/arm-none-eabi/6.3.1/../../../../arm-none-eabi/lib/thumb/v6-m\libc_nano.a
END GROUP
START GROUP
LOAD c:/program files (x86)/atmel/studio/7.0/toolchain/arm/arm-gnu-toolchain/bin/../lib/gcc/arm-none-eabi/6.3.1/thumb/v6-m\libgcc.a
LOAD c:/program files (x86)/atmel/studio/7.0/toolchain/arm/arm-gnu-toolchain/bin/../lib/gcc/arm-none-eabi/6.3.1/../../../../arm-none-eabi/lib/thumb/v6-m\libc_nano.a
END GROUP
LOAD c:/program files (x86)/atmel/studio/7.0/toolchain/arm/arm-gnu-toolchain/bin/../lib/gcc/arm-none-eabi/6.3.1/thumb/v6-m/crtend.o
LOAD c:/program files (x86)/atmel/studio/7.0/toolchain/arm/arm-gnu-toolchain/bin/../lib/gcc/arm-none-eabi/6.3.1/thumb/v6-m/crtn.o
                0x00002000                STACK_SIZE = DEFINED (STACK_SIZE)?STACK_SIZE:DEFINED (__stack_size__)?__stack_size__:0x2000

.text           0x00000000     0x1b78
                0x00000000                . = ALIGN (0x4)
                0x00000000                _sfixed = .
 *(.vectors .vectors.*)
 .vectors       0x00000000       0xa4 Device_Startup/startup_samd20.o
                0x00000000                exception_table
 *(.text .text.* .gnu.linkonce.t.*)
 .text          0x000000a4       0x60 c:/program files (x86)/atmel/studio/7.0/toolchain/arm/arm-gnu-toolchain/bin/../lib/gcc/arm-none-eabi/6.3.1/thumb/v6-m/crtbegin.o
 .text.DcaApp_Init
                0x00000104       0x24 App/DcaApp.o
                0x00000104                DcaApp_Init
 .text.DcaApp_Entry
                0x00000128       0x24 App/DcaApp.o
                0x00000128                DcaApp_Entry
 .text.atmel_start_init
                0x0000014c        0xc atmel_start.o
                0x0000014c                atmel_start_init
 .text.Debug_InitLog
                0x00000158       0x24 Core/Debug.o
                0x00000158                Debug_InitLog
 .text.Debug_StoreLog
                0x0000017c       0xac Core/Debug.o
                0x0000017c                Debug_StoreLog
 .text.Watchdog_Init
                0x00000228       0x28 Core/Watchdog.o
                0x00000228                Watchdog_Init
 .text.Dummy_Handler
                0x00000250        0x2 Device_Startup/startup_samd20.o
                0x00000250                SVCall_Handler
                0x00000250                HardFault_Handler
                0x00000250                TC2_Handler
                0x00000250                AC_Handler
                0x00000250                SysTick_Handler
                0x00000250                PendSV_Handler
                0x00000250                SERCOM1_Handler
                0x00000250                ADC_Handler
                0x00000250                NonMaskableInt_Handler
                0x00000250                SERCOM2_Handler
                0x00000250                RTC_Handler
                0x00000250                WDT_Handler
                0x00000250                TC1_Handler
                0x00000250                TC3_Handler
                0x00000250                Dummy_Handler
                0x00000250                PM_Handler
                0x00000250                EVSYS_Handler
                0x00000250                SERCOM3_Handler
                0x00000250                SERCOM0_Handler
                0x00000250                DAC_Handler
                0x00000250                PTC_Handler
                0x00000250                TC5_Handler
                0x00000250                SYSCTRL_Handler
 *fill*         0x00000252        0x2 
 .text.Reset_Handler
                0x00000254       0x70 Device_Startup/startup_samd20.o
                0x00000254                Reset_Handler
 .text._gpio_set_pin_function
                0x000002c4       0x70 driver_init.o
 .text.gpio_set_pin_direction
                0x00000334       0x84 driver_init.o
 .text.EXTERNAL_IRQ_0_init
                0x000003b8       0x74 driver_init.o
                0x000003b8                EXTERNAL_IRQ_0_init
 .text.FLASH_0_CLOCK_init
                0x0000042c       0x10 driver_init.o
                0x0000042c                FLASH_0_CLOCK_init
 .text.FLASH_0_init
                0x0000043c       0x20 driver_init.o
                0x0000043c                FLASH_0_init
 .text.ETHERNET_SPI_PORT_init
                0x0000045c       0x5c driver_init.o
                0x0000045c                ETHERNET_SPI_PORT_init
 .text.ETHERNET_SPI_CLOCK_init
                0x000004b8       0x20 driver_init.o
                0x000004b8                ETHERNET_SPI_CLOCK_init
 .text.ETHERNET_SPI_init
                0x000004d8       0x28 driver_init.o
                0x000004d8                ETHERNET_SPI_init
 .text.WIRELESS_SPI_PORT_init
                0x00000500       0x68 driver_init.o
                0x00000500                WIRELESS_SPI_PORT_init
 .text.WIRELESS_SPI_CLOCK_init
                0x00000568       0x20 driver_init.o
                0x00000568                WIRELESS_SPI_CLOCK_init
 .text.WIRELESS_SPI_init
                0x00000588       0x28 driver_init.o
                0x00000588                WIRELESS_SPI_init
 .text.delay_driver_init
                0x000005b0       0x14 driver_init.o
                0x000005b0                delay_driver_init
 .text.WDT_0_CLOCK_init
                0x000005c4       0x20 driver_init.o
                0x000005c4                WDT_0_CLOCK_init
 .text.WDT_0_init
                0x000005e4       0x24 driver_init.o
                0x000005e4                WDT_0_init
 .text.system_init
                0x00000608      0x140 driver_init.o
                0x00000608                system_init
 .text.delay_init
                0x00000748       0x14 hal/src/hal_delay.o
                0x00000748                delay_init
 .text.process_ext_irq
                0x0000075c       0x40 hal/src/hal_ext_irq.o
 .text.ext_irq_init
                0x0000079c       0x28 hal/src/hal_ext_irq.o
                0x0000079c                ext_irq_init
 .text.flash_ready
                0x000007c4        0xc hal/src/hal_flash.o
 .text.flash_error
                0x000007d0        0xc hal/src/hal_flash.o
 .text.flash_init
                0x000007dc       0x24 hal/src/hal_flash.o
                0x000007dc                flash_init
 .text.spi_m_sync_init
                0x00000800       0x30 hal/src/hal_spi_m_sync.o
                0x00000800                spi_m_sync_init
 .text.spi_m_sync_transfer
                0x00000830       0x20 hal/src/hal_spi_m_sync.o
                0x00000830                spi_m_sync_transfer
 .text._spi_m_sync_io_write
                0x00000850       0x1c hal/src/hal_spi_m_sync.o
 .text._spi_m_sync_io_read
                0x0000086c       0x1c hal/src/hal_spi_m_sync.o
 .text.timer_add_timer_task
                0x00000888       0x58 hal/src/hal_timer.o
 .text.timer_process_counted
                0x000008e0       0x60 hal/src/hal_timer.o
 .text.timer_init
                0x00000940       0x1c hal/src/hal_timer.o
                0x00000940                timer_init
 .text.list_insert_as_head
                0x0000095c        0x8 hal/utils/src/utils_list.o
                0x0000095c                list_insert_as_head
 .text.list_insert_after
                0x00000964        0x8 hal/utils/src/utils_list.o
                0x00000964                list_insert_after
 .text.list_remove_head
                0x0000096c        0xe hal/utils/src/utils_list.o
                0x0000096c                list_remove_head
 *fill*         0x0000097a        0x2 
 .text._sbrk    0x0000097c       0x20 hal/utils/src/utils_syscalls.o
                0x0000097c                _sbrk
 .text._init_chip
                0x0000099c       0x30 hpl/core/hpl_init.o
                0x0000099c                _init_chip
 .text.hri_eic_wait_for_sync.constprop.3
                0x000009cc       0x10 hpl/eic/hpl_eic.o
 .text._ext_irq_init
                0x000009dc       0x6c hpl/eic/hpl_eic.o
                0x000009dc                _ext_irq_init
 .text.EIC_Handler
                0x00000a48       0x94 hpl/eic/hpl_eic.o
                0x00000a48                EIC_Handler
 .text._gclk_init_generators_by_fref
                0x00000adc       0x3c hpl/gclk/hpl_gclk.o
                0x00000adc                _gclk_init_generators_by_fref
 .text._flash_init
                0x00000b18       0x34 hpl/nvmctrl/hpl_nvmctrl.o
                0x00000b18                _flash_init
 .text.NVMCTRL_Handler
                0x00000b4c       0x30 hpl/nvmctrl/hpl_nvmctrl.o
                0x00000b4c                NVMCTRL_Handler
 .text._pm_init
                0x00000b7c       0x20 hpl/pm/hpl_pm.o
                0x00000b7c                _pm_init
 .text.hri_sercomspi_wait_for_sync
                0x00000b9c        0x8 hpl/sercom/hpl_sercom.o
 .text._spi_m_sync_init
                0x00000ba4       0x84 hpl/sercom/hpl_sercom.o
                0x00000ba4                _spi_m_sync_init
 .text._spi_m_sync_trans
                0x00000c28       0xa4 hpl/sercom/hpl_sercom.o
                0x00000c28                _spi_m_sync_trans
 .text._sysctrl_init_sources
                0x00000ccc       0x54 hpl/sysctrl/hpl_sysctrl.o
                0x00000ccc                _sysctrl_init_sources
 .text._sysctrl_init_referenced_generators
                0x00000d20        0x2 hpl/sysctrl/hpl_sysctrl.o
                0x00000d20                _sysctrl_init_referenced_generators
 *fill*         0x00000d22        0x2 
 .text._delay_init
                0x00000d24       0x14 hpl/systick/hpl_systick.o
                0x00000d24                _delay_init
 .text.tc_interrupt_handler
                0x00000d38       0x14 hpl/tc/hpl_tc.o
 .text._timer_init
                0x00000d4c       0xe8 hpl/tc/hpl_tc.o
                0x00000d4c                _timer_init
 .text._tc_get_timer
                0x00000e34        0x4 hpl/tc/hpl_tc.o
                0x00000e34                _tc_get_timer
 .text.TC0_Handler
                0x00000e38       0x14 hpl/tc/hpl_tc.o
                0x00000e38                TC0_Handler
 .text.TC4_Handler
                0x00000e4c       0x14 hpl/tc/hpl_tc.o
                0x00000e4c                TC4_Handler
 .text.hri_wdt_wait_for_sync
                0x00000e60        0x8 hpl/wdt/hpl_wdt.o
 .text._wdt_init
                0x00000e68       0x4c hpl/wdt/hpl_wdt.o
                0x00000e68                _wdt_init
 .text._wdt_set_timeout_period
                0x00000eb4       0xe0 hpl/wdt/hpl_wdt.o
                0x00000eb4                _wdt_set_timeout_period
 .text._wdt_enable
                0x00000f94       0x18 hpl/wdt/hpl_wdt.o
                0x00000f94                _wdt_enable
 .text.startup.main
                0x00000fac       0x20 main.o
                0x00000fac                main
 .text          0x00000fcc      0x114 c:/program files (x86)/atmel/studio/7.0/toolchain/arm/arm-gnu-toolchain/bin/../lib/gcc/arm-none-eabi/6.3.1/thumb/v6-m\libgcc.a(_udivsi3.o)
                0x00000fcc                __aeabi_uidiv
                0x00000fcc                __udivsi3
                0x000010d8                __aeabi_uidivmod
 .text          0x000010e0        0x4 c:/program files (x86)/atmel/studio/7.0/toolchain/arm/arm-gnu-toolchain/bin/../lib/gcc/arm-none-eabi/6.3.1/thumb/v6-m\libgcc.a(_dvmd_tls.o)
                0x000010e0                __aeabi_idiv0
                0x000010e0                __aeabi_ldiv0
 .text          0x000010e4       0x54 c:/program files (x86)/atmel/studio/7.0/toolchain/arm/arm-gnu-toolchain/bin/../lib/gcc/arm-none-eabi/6.3.1/thumb/v6-m\libgcc.a(_muldi3.o)
                0x000010e4                __muldi3
                0x000010e4                __aeabi_lmul
 .text          0x00001138       0x14 c:/program files (x86)/atmel/studio/7.0/toolchain/arm/arm-gnu-toolchain/bin/../lib/gcc/arm-none-eabi/6.3.1/thumb/v6-m\libgcc.a(_ffssi2.o)
                0x00001138                __ffssi2
 .text          0x0000114c       0x40 c:/program files (x86)/atmel/studio/7.0/toolchain/arm/arm-gnu-toolchain/bin/../lib/gcc/arm-none-eabi/6.3.1/thumb/v6-m\libgcc.a(_ctzsi2.o)
                0x0000114c                __ctzsi2
 .text.__libc_init_array
                0x0000118c       0x48 c:/program files (x86)/atmel/studio/7.0/toolchain/arm/arm-gnu-toolchain/bin/../lib/gcc/arm-none-eabi/6.3.1/../../../../arm-none-eabi/lib/thumb/v6-m\libc_nano.a(lib_a-init.o)
                0x0000118c                __libc_init_array
 .text.memcpy   0x000011d4       0x12 c:/program files (x86)/atmel/studio/7.0/toolchain/arm/arm-gnu-toolchain/bin/../lib/gcc/arm-none-eabi/6.3.1/../../../../arm-none-eabi/lib/thumb/v6-m\libc_nano.a(lib_a-memcpy-stub.o)
                0x000011d4                memcpy
 .text.memset   0x000011e6       0x10 c:/program files (x86)/atmel/studio/7.0/toolchain/arm/arm-gnu-toolchain/bin/../lib/gcc/arm-none-eabi/6.3.1/../../../../arm-none-eabi/lib/thumb/v6-m\libc_nano.a(lib_a-memset.o)
                0x000011e6                memset
 *fill*         0x000011f6        0x2 
 .text._free_r  0x000011f8       0x94 c:/program files (x86)/atmel/studio/7.0/toolchain/arm/arm-gnu-toolchain/bin/../lib/gcc/arm-none-eabi/6.3.1/../../../../arm-none-eabi/lib/thumb/v6-m\libc_nano.a(lib_a-nano-freer.o)
                0x000011f8                _free_r
 .text._malloc_r
                0x0000128c       0xbc c:/program files (x86)/atmel/studio/7.0/toolchain/arm/arm-gnu-toolchain/bin/../lib/gcc/arm-none-eabi/6.3.1/../../../../arm-none-eabi/lib/thumb/v6-m\libc_nano.a(lib_a-nano-mallocr.o)
                0x0000128c                _malloc_r
 .text._sbrk_r  0x00001348       0x24 c:/program files (x86)/atmel/studio/7.0/toolchain/arm/arm-gnu-toolchain/bin/../lib/gcc/arm-none-eabi/6.3.1/../../../../arm-none-eabi/lib/thumb/v6-m\libc_nano.a(lib_a-sbrkr.o)
                0x00001348                _sbrk_r
 .text          0x0000136c        0xe c:/program files (x86)/atmel/studio/7.0/toolchain/arm/arm-gnu-toolchain/bin/../lib/gcc/arm-none-eabi/6.3.1/../../../../arm-none-eabi/lib/thumb/v6-m\libc_nano.a(lib_a-strlen.o)
                0x0000136c                strlen
 *fill*         0x0000137a        0x2 
 .text._vsprintf_r
                0x0000137c       0x30 c:/program files (x86)/atmel/studio/7.0/toolchain/arm/arm-gnu-toolchain/bin/../lib/gcc/arm-none-eabi/6.3.1/../../../../arm-none-eabi/lib/thumb/v6-m\libc_nano.a(lib_a-vsprintf.o)
                0x0000137c                _vsprintf_r
                0x0000137c                _vsiprintf_r
 .text.vsprintf
                0x000013ac       0x18 c:/program files (x86)/atmel/studio/7.0/toolchain/arm/arm-gnu-toolchain/bin/../lib/gcc/arm-none-eabi/6.3.1/../../../../arm-none-eabi/lib/thumb/v6-m\libc_nano.a(lib_a-vsprintf.o)
                0x000013ac                vsiprintf
                0x000013ac                vsprintf
 .text.__malloc_lock
                0x000013c4        0x2 c:/program files (x86)/atmel/studio/7.0/toolchain/arm/arm-gnu-toolchain/bin/../lib/gcc/arm-none-eabi/6.3.1/../../../../arm-none-eabi/lib/thumb/v6-m\libc_nano.a(lib_a-mlock.o)
                0x000013c4                __malloc_lock
 .text.__malloc_unlock
                0x000013c6        0x2 c:/program files (x86)/atmel/studio/7.0/toolchain/arm/arm-gnu-toolchain/bin/../lib/gcc/arm-none-eabi/6.3.1/../../../../arm-none-eabi/lib/thumb/v6-m\libc_nano.a(lib_a-mlock.o)
                0x000013c6                __malloc_unlock
 .text.__ssputs_r
                0x000013c8       0xc4 c:/program files (x86)/atmel/studio/7.0/toolchain/arm/arm-gnu-toolchain/bin/../lib/gcc/arm-none-eabi/6.3.1/../../../../arm-none-eabi/lib/thumb/v6-m\libc_nano.a(lib_a-nano-svfprintf.o)
                0x000013c8                __ssputs_r
 .text._svfprintf_r
                0x0000148c      0x208 c:/program files (x86)/atmel/studio/7.0/toolchain/arm/arm-gnu-toolchain/bin/../lib/gcc/arm-none-eabi/6.3.1/../../../../arm-none-eabi/lib/thumb/v6-m\libc_nano.a(lib_a-nano-svfprintf.o)
                0x0000148c                _svfiprintf_r
                0x0000148c                _svfprintf_r
 .text._printf_common
                0x00001694       0xda c:/program files (x86)/atmel/studio/7.0/toolchain/arm/arm-gnu-toolchain/bin/../lib/gcc/arm-none-eabi/6.3.1/../../../../arm-none-eabi/lib/thumb/v6-m\libc_nano.a(lib_a-nano-vfprintf_i.o)
                0x00001694                _printf_common
 *fill*         0x0000176e        0x2 
 .text._printf_i
                0x00001770      0x234 c:/program files (x86)/atmel/studio/7.0/toolchain/arm/arm-gnu-toolchain/bin/../lib/gcc/arm-none-eabi/6.3.1/../../../../arm-none-eabi/lib/thumb/v6-m\libc_nano.a(lib_a-nano-vfprintf_i.o)
                0x00001770                _printf_i
 .text.memchr   0x000019a4       0x16 c:/program files (x86)/atmel/studio/7.0/toolchain/arm/arm-gnu-toolchain/bin/../lib/gcc/arm-none-eabi/6.3.1/../../../../arm-none-eabi/lib/thumb/v6-m\libc_nano.a(lib_a-memchr-stub.o)
                0x000019a4                memchr
 .text.memmove  0x000019ba       0x24 c:/program files (x86)/atmel/studio/7.0/toolchain/arm/arm-gnu-toolchain/bin/../lib/gcc/arm-none-eabi/6.3.1/../../../../arm-none-eabi/lib/thumb/v6-m\libc_nano.a(lib_a-memmove.o)
                0x000019ba                memmove
 .text._realloc_r
                0x000019de       0x4c c:/program files (x86)/atmel/studio/7.0/toolchain/arm/arm-gnu-toolchain/bin/../lib/gcc/arm-none-eabi/6.3.1/../../../../arm-none-eabi/lib/thumb/v6-m\libc_nano.a(lib_a-nano-reallocr.o)
                0x000019de                _realloc_r
 .text._malloc_usable_size_r
                0x00001a2a       0x10 c:/program files (x86)/atmel/studio/7.0/toolchain/arm/arm-gnu-toolchain/bin/../lib/gcc/arm-none-eabi/6.3.1/../../../../arm-none-eabi/lib/thumb/v6-m\libc_nano.a(lib_a-nano-msizer.o)
                0x00001a2a                _malloc_usable_size_r
 *(.glue_7t)
 .glue_7t       0x00001a3a        0x0 linker stubs
 *(.glue_7)
 .glue_7        0x00001a3a        0x0 linker stubs
 *(.rodata .rodata* .gnu.linkonce.r.*)
 .rodata.str1.1
                0x00001a3a       0x18 App/DcaApp.o
 *fill*         0x00001a52        0x2 
 .rodata        0x00001a54       0x10 hpl/eic/hpl_eic.o
 .rodata        0x00001a64       0x38 hpl/sercom/hpl_sercom.o
 .rodata        0x00001a9c       0x28 hpl/tc/hpl_tc.o
 .rodata.__sf_fake_stderr
                0x00001ac4       0x20 c:/program files (x86)/atmel/studio/7.0/toolchain/arm/arm-gnu-toolchain/bin/../lib/gcc/arm-none-eabi/6.3.1/../../../../arm-none-eabi/lib/thumb/v6-m\libc_nano.a(lib_a-findfp.o)
                0x00001ac4                __sf_fake_stderr
 .rodata.__sf_fake_stdin
                0x00001ae4       0x20 c:/program files (x86)/atmel/studio/7.0/toolchain/arm/arm-gnu-toolchain/bin/../lib/gcc/arm-none-eabi/6.3.1/../../../../arm-none-eabi/lib/thumb/v6-m\libc_nano.a(lib_a-findfp.o)
                0x00001ae4                __sf_fake_stdin
 .rodata.__sf_fake_stdout
                0x00001b04       0x20 c:/program files (x86)/atmel/studio/7.0/toolchain/arm/arm-gnu-toolchain/bin/../lib/gcc/arm-none-eabi/6.3.1/../../../../arm-none-eabi/lib/thumb/v6-m\libc_nano.a(lib_a-findfp.o)
                0x00001b04                __sf_fake_stdout
 .rodata._svfprintf_r.str1.1
                0x00001b24       0x11 c:/program files (x86)/atmel/studio/7.0/toolchain/arm/arm-gnu-toolchain/bin/../lib/gcc/arm-none-eabi/6.3.1/../../../../arm-none-eabi/lib/thumb/v6-m\libc_nano.a(lib_a-nano-svfprintf.o)
 .rodata._printf_i.str1.1
                0x00001b35       0x22 c:/program files (x86)/atmel/studio/7.0/toolchain/arm/arm-gnu-toolchain/bin/../lib/gcc/arm-none-eabi/6.3.1/../../../../arm-none-eabi/lib/thumb/v6-m\libc_nano.a(lib_a-nano-vfprintf_i.o)
 *(.ARM.extab* .gnu.linkonce.armextab.*)
                0x00001b58                . = ALIGN (0x4)
 *fill*         0x00001b57        0x1 
 *(.init)
 .init          0x00001b58        0x4 c:/program files (x86)/atmel/studio/7.0/toolchain/arm/arm-gnu-toolchain/bin/../lib/gcc/arm-none-eabi/6.3.1/thumb/v6-m/crti.o
                0x00001b58                _init
 .init          0x00001b5c        0x8 c:/program files (x86)/atmel/studio/7.0/toolchain/arm/arm-gnu-toolchain/bin/../lib/gcc/arm-none-eabi/6.3.1/thumb/v6-m/crtn.o
                0x00001b64                . = ALIGN (0x4)
                0x00001b64                __preinit_array_start = .
 *(.preinit_array)
                0x00001b64                __preinit_array_end = .
                0x00001b64                . = ALIGN (0x4)
                0x00001b64                __init_array_start = .
 *(SORT(.init_array.*))
 *(.init_array)
 .init_array    0x00001b64        0x4 c:/program files (x86)/atmel/studio/7.0/toolchain/arm/arm-gnu-toolchain/bin/../lib/gcc/arm-none-eabi/6.3.1/thumb/v6-m/crtbegin.o
                0x00001b68                __init_array_end = .
                0x00001b68                . = ALIGN (0x4)
 *crtbegin.o(.ctors)
 *(EXCLUDE_FILE(*crtend.o) .ctors)
 *(SORT(.ctors.*))
 *crtend.o(.ctors)
                0x00001b68                . = ALIGN (0x4)
 *(.fini)
 .fini          0x00001b68        0x4 c:/program files (x86)/atmel/studio/7.0/toolchain/arm/arm-gnu-toolchain/bin/../lib/gcc/arm-none-eabi/6.3.1/thumb/v6-m/crti.o
                0x00001b68                _fini
 .fini          0x00001b6c        0x8 c:/program files (x86)/atmel/studio/7.0/toolchain/arm/arm-gnu-toolchain/bin/../lib/gcc/arm-none-eabi/6.3.1/thumb/v6-m/crtn.o
                0x00001b74                . = ALIGN (0x4)
                0x00001b74                __fini_array_start = .
 *(.fini_array)
 .fini_array    0x00001b74        0x4 c:/program files (x86)/atmel/studio/7.0/toolchain/arm/arm-gnu-toolchain/bin/../lib/gcc/arm-none-eabi/6.3.1/thumb/v6-m/crtbegin.o
 *(SORT(.fini_array.*))
                0x00001b78                __fini_array_end = .
 *crtbegin.o(.dtors)
 *(EXCLUDE_FILE(*crtend.o) .dtors)
 *(SORT(.dtors.*))
 *crtend.o(.dtors)
                0x00001b78                . = ALIGN (0x4)
                0x00001b78                _efixed = .
                [!provide]                PROVIDE (__exidx_start, .)

.vfp11_veneer   0x00001b78        0x0
 .vfp11_veneer  0x00001b78        0x0 linker stubs

.v4_bx          0x00001b78        0x0
 .v4_bx         0x00001b78        0x0 linker stubs

.iplt           0x00001b78        0x0
 .iplt          0x00001b78        0x0 c:/program files (x86)/atmel/studio/7.0/toolchain/arm/arm-gnu-toolchain/bin/../lib/gcc/arm-none-eabi/6.3.1/thumb/v6-m/crtbegin.o

.eh_frame       0x00001b78        0x0
 .eh_frame      0x00001b78        0x0 c:/program files (x86)/atmel/studio/7.0/toolchain/arm/arm-gnu-toolchain/bin/../lib/gcc/arm-none-eabi/6.3.1/thumb/v6-m/crtbegin.o

.rel.dyn        0x00001b78        0x0
 .rel.iplt      0x00001b78        0x0 c:/program files (x86)/atmel/studio/7.0/toolchain/arm/arm-gnu-toolchain/bin/../lib/gcc/arm-none-eabi/6.3.1/thumb/v6-m/crtbegin.o

.jcr            0x00001b78        0x0
 .jcr           0x00001b78        0x0 c:/program files (x86)/atmel/studio/7.0/toolchain/arm/arm-gnu-toolchain/bin/../lib/gcc/arm-none-eabi/6.3.1/thumb/v6-m/crtbegin.o

.igot.plt       0x00001b78        0x0
 .igot.plt      0x00001b78        0x0 c:/program files (x86)/atmel/studio/7.0/toolchain/arm/arm-gnu-toolchain/bin/../lib/gcc/arm-none-eabi/6.3.1/thumb/v6-m/crtbegin.o

.ARM.exidx
 *(.ARM.exidx* .gnu.linkonce.armexidx.*)
                [!provide]                PROVIDE (__exidx_end, .)
                0x00001b78                . = ALIGN (0x4)
                0x00001b78                _etext = .

.relocate       0x20000000       0x64 load address 0x00001b78
                0x20000000                . = ALIGN (0x4)
                0x20000000                _srelocate = .
 *(.ramfunc .ramfunc.*)
 *(.data .data.*)
 .data._impure_ptr
                0x20000000        0x4 c:/program files (x86)/atmel/studio/7.0/toolchain/arm/arm-gnu-toolchain/bin/../lib/gcc/arm-none-eabi/6.3.1/../../../../arm-none-eabi/lib/thumb/v6-m\libc_nano.a(lib_a-impure.o)
                0x20000000                _impure_ptr
 .data.impure_data
                0x20000004       0x60 c:/program files (x86)/atmel/studio/7.0/toolchain/arm/arm-gnu-toolchain/bin/../lib/gcc/arm-none-eabi/6.3.1/../../../../arm-none-eabi/lib/thumb/v6-m\libc_nano.a(lib_a-impure.o)
                0x20000064                . = ALIGN (0x4)
                0x20000064                _erelocate = .

.bss            0x20000064      0x4dc load address 0x00001bdc
                0x20000064                . = ALIGN (0x4)
                0x20000064                _sbss = .
                0x20000064                _szero = .
 *(.bss .bss.*)
 .bss           0x20000064       0x1c c:/program files (x86)/atmel/studio/7.0/toolchain/arm/arm-gnu-toolchain/bin/../lib/gcc/arm-none-eabi/6.3.1/thumb/v6-m/crtbegin.o
 .bss           0x20000080      0x402 Core/Debug.o
 *fill*         0x20000482        0x2 
 .bss           0x20000484        0x4 hal/src/hal_delay.o
 .bss           0x20000488       0x10 hal/src/hal_ext_irq.o
 .bss           0x20000498        0x4 hal/utils/src/utils_syscalls.o
 .bss           0x2000049c        0x4 hpl/eic/hpl_eic.o
 .bss           0x200004a0        0x4 hpl/nvmctrl/hpl_nvmctrl.o
 .bss           0x200004a4        0x8 hpl/tc/hpl_tc.o
 .bss.__malloc_free_list
                0x200004ac        0x4 c:/program files (x86)/atmel/studio/7.0/toolchain/arm/arm-gnu-toolchain/bin/../lib/gcc/arm-none-eabi/6.3.1/../../../../arm-none-eabi/lib/thumb/v6-m\libc_nano.a(lib_a-nano-mallocr.o)
                0x200004ac                __malloc_free_list
 .bss.__malloc_sbrk_start
                0x200004b0        0x4 c:/program files (x86)/atmel/studio/7.0/toolchain/arm/arm-gnu-toolchain/bin/../lib/gcc/arm-none-eabi/6.3.1/../../../../arm-none-eabi/lib/thumb/v6-m\libc_nano.a(lib_a-nano-mallocr.o)
                0x200004b0                __malloc_sbrk_start
 *(COMMON)
 COMMON         0x200004b4       0x88 driver_init.o
                0x200004b4                ETHERNET_SPI
                0x200004cc                FLASH_0
                0x200004e8                WDT_0
                0x200004ec                TICK_TIMER
                0x20000508                WIRELESS_SPI
                0x20000520                TIMER_0
 COMMON         0x2000053c        0x4 c:/program files (x86)/atmel/studio/7.0/toolchain/arm/arm-gnu-toolchain/bin/../lib/gcc/arm-none-eabi/6.3.1/../../../../arm-none-eabi/lib/thumb/v6-m\libc_nano.a(lib_a-reent.o)
                0x2000053c                errno
                0x20000540                . = ALIGN (0x4)
                0x20000540                _ebss = .
                0x20000540                _ezero = .

.stack          0x20000540     0x2000 load address 0x000020b8
                0x20000540                . = ALIGN (0x8)
                0x20000540                _sstack = .
                0x20002540                . = (. + STACK_SIZE)
 *fill*         0x20000540     0x2000 
                0x20002540                . = ALIGN (0x8)
                0x20002540                _estack = .
                0x20002540                . = ALIGN (0x4)
                0x20002540                _end = .
OUTPUT(DCA_FIRMWARE.elf elf32-littlearm)

.ARM.attributes
                0x00000000       0x28
 .ARM.attributes
                0x00000000       0x1e c:/program files (x86)/atmel/studio/7.0/toolchain/arm/arm-gnu-toolchain/bin/../lib/gcc/arm-none-eabi/6.3.1/thumb/v6-m/crti.o
 .ARM.attributes
                0x0000001e       0x2c c:/program files (x86)/atmel/studio/7.0/toolchain/arm/arm-gnu-toolchain/bin/../lib/gcc/arm-none-eabi/6.3.1/thumb/v6-m/crtbegin.o
 .ARM.attributes
                0x0000004a       0x32 App/DcaApp.o
 .ARM.attributes
                0x0000007c       0x32 atmel_start.o
 .ARM.attributes
                0x000000ae       0x32 Core/Debug.o
 .ARM.attributes
                0x000000e0       0x32 Core/Watchdog.o
 .ARM.attributes
                0x00000112       0x32 Device_Startup/startup_samd20.o
 .ARM.attributes
                0x00000144       0x32 driver_init.o
 .ARM.attributes
                0x00000176       0x32 hal/src/hal_delay.o
 .ARM.attributes
                0x000001a8       0x32 hal/src/hal_ext_irq.o
 .ARM.attributes
                0x000001da       0x32 hal/src/hal_flash.o
 .ARM.attributes
                0x0000020c       0x32 hal/src/hal_spi_m_sync.o
 .ARM.attributes
                0x0000023e       0x32 hal/src/hal_timer.o
 .ARM.attributes
                0x00000270       0x32 hal/utils/src/utils_list.o
 .ARM.attributes
                0x000002a2       0x32 hal/utils/src/utils_syscalls.o
 .ARM.attributes
                0x000002d4       0x32 hpl/core/hpl_init.o
 .ARM.attributes
                0x00000306       0x32 hpl/eic/hpl_eic.o
 .ARM.attributes
                0x00000338       0x32 hpl/gclk/hpl_gclk.o
 .ARM.attributes
                0x0000036a       0x32 hpl/nvmctrl/hpl_nvmctrl.o
 .ARM.attributes
                0x0000039c       0x32 hpl/pm/hpl_pm.o
 .ARM.attributes
                0x000003ce       0x32 hpl/sercom/hpl_sercom.o
 .ARM.attributes
                0x00000400       0x32 hpl/sysctrl/hpl_sysctrl.o
 .ARM.attributes
                0x00000432       0x32 hpl/systick/hpl_systick.o
 .ARM.attributes
                0x00000464       0x32 hpl/tc/hpl_tc.o
 .ARM.attributes
                0x00000496       0x32 hpl/wdt/hpl_wdt.o
 .ARM.attributes
                0x000004c8       0x32 main.o
 .ARM.attributes
                0x000004fa       0x1e c:/program files (x86)/atmel/studio/7.0/toolchain/arm/arm-gnu-toolchain/bin/../lib/gcc/arm-none-eabi/6.3.1/thumb/v6-m\libgcc.a(_udivsi3.o)
 .ARM.attributes
                0x00000518       0x1e c:/program files (x86)/atmel/studio/7.0/toolchain/arm/arm-gnu-toolchain/bin/../lib/gcc/arm-none-eabi/6.3.1/thumb/v6-m\libgcc.a(_dvmd_tls.o)
 .ARM.attributes
                0x00000536       0x2c c:/program files (x86)/atmel/studio/7.0/toolchain/arm/arm-gnu-toolchain/bin/../lib/gcc/arm-none-eabi/6.3.1/thumb/v6-m\libgcc.a(_muldi3.o)
 .ARM.attributes
                0x00000562       0x2c c:/program files (x86)/atmel/studio/7.0/toolchain/arm/arm-gnu-toolchain/bin/../lib/gcc/arm-none-eabi/6.3.1/thumb/v6-m\libgcc.a(_ffssi2.o)
 .ARM.attributes
                0x0000058e       0x1e c:/program files (x86)/atmel/studio/7.0/toolchain/arm/arm-gnu-toolchain/bin/../lib/gcc/arm-none-eabi/6.3.1/thumb/v6-m\libgcc.a(_ctzsi2.o)
 .ARM.attributes
                0x000005ac       0x2c c:/program files (x86)/atmel/studio/7.0/toolchain/arm/arm-gnu-toolchain/bin/../lib/gcc/arm-none-eabi/6.3.1/../../../../arm-none-eabi/lib/thumb/v6-m\libc_nano.a(lib_a-impure.o)
 .ARM.attributes
                0x000005d8       0x2c c:/program files (x86)/atmel/studio/7.0/toolchain/arm/arm-gnu-toolchain/bin/../lib/gcc/arm-none-eabi/6.3.1/../../../../arm-none-eabi/lib/thumb/v6-m\libc_nano.a(lib_a-init.o)
 .ARM.attributes
                0x00000604       0x2c c:/program files (x86)/atmel/studio/7.0/toolchain/arm/arm-gnu-toolchain/bin/../lib/gcc/arm-none-eabi/6.3.1/../../../../arm-none-eabi/lib/thumb/v6-m\libc_nano.a(lib_a-memcpy-stub.o)
 .ARM.attributes
                0x00000630       0x2c c:/program files (x86)/atmel/studio/7.0/toolchain/arm/arm-gnu-toolchain/bin/../lib/gcc/arm-none-eabi/6.3.1/../../../../arm-none-eabi/lib/thumb/v6-m\libc_nano.a(lib_a-memset.o)
 .ARM.attributes
                0x0000065c       0x2c c:/program files (x86)/atmel/studio/7.0/toolchain/arm/arm-gnu-toolchain/bin/../lib/gcc/arm-none-eabi/6.3.1/../../../../arm-none-eabi/lib/thumb/v6-m\libc_nano.a(lib_a-nano-freer.o)
 .ARM.attributes
                0x00000688       0x2c c:/program files (x86)/atmel/studio/7.0/toolchain/arm/arm-gnu-toolchain/bin/../lib/gcc/arm-none-eabi/6.3.1/../../../../arm-none-eabi/lib/thumb/v6-m\libc_nano.a(lib_a-nano-mallocr.o)
 .ARM.attributes
                0x000006b4       0x2c c:/program files (x86)/atmel/studio/7.0/toolchain/arm/arm-gnu-toolchain/bin/../lib/gcc/arm-none-eabi/6.3.1/../../../../arm-none-eabi/lib/thumb/v6-m\libc_nano.a(lib_a-sbrkr.o)
 .ARM.attributes
                0x000006e0       0x1c c:/program files (x86)/atmel/studio/7.0/toolchain/arm/arm-gnu-toolchain/bin/../lib/gcc/arm-none-eabi/6.3.1/../../../../arm-none-eabi/lib/thumb/v6-m\libc_nano.a(lib_a-strlen.o)
 .ARM.attributes
                0x000006fc       0x2c c:/program files (x86)/atmel/studio/7.0/toolchain/arm/arm-gnu-toolchain/bin/../lib/gcc/arm-none-eabi/6.3.1/../../../../arm-none-eabi/lib/thumb/v6-m\libc_nano.a(lib_a-vsprintf.o)
 .ARM.attributes
                0x00000728       0x2c c:/program files (x86)/atmel/studio/7.0/toolchain/arm/arm-gnu-toolchain/bin/../lib/gcc/arm-none-eabi/6.3.1/../../../../arm-none-eabi/lib/thumb/v6-m\libc_nano.a(lib_a-findfp.o)
 .ARM.attributes
                0x00000754       0x2c c:/program files (x86)/atmel/studio/7.0/toolchain/arm/arm-gnu-toolchain/bin/../lib/gcc/arm-none-eabi/6.3.1/../../../../arm-none-eabi/lib/thumb/v6-m\libc_nano.a(lib_a-mlock.o)
 .ARM.attributes
                0x00000780       0x2c c:/program files (x86)/atmel/studio/7.0/toolchain/arm/arm-gnu-toolchain/bin/../lib/gcc/arm-none-eabi/6.3.1/../../../../arm-none-eabi/lib/thumb/v6-m\libc_nano.a(lib_a-nano-svfprintf.o)
 .ARM.attributes
                0x000007ac       0x2c c:/program files (x86)/atmel/studio/7.0/toolchain/arm/arm-gnu-toolchain/bin/../lib/gcc/arm-none-eabi/6.3.1/../../../../arm-none-eabi/lib/thumb/v6-m\libc_nano.a(lib_a-nano-vfprintf_i.o)
 .ARM.attributes
                0x000007d8       0x2c c:/program files (x86)/atmel/studio/7.0/toolchain/arm/arm-gnu-toolchain/bin/../lib/gcc/arm-none-eabi/6.3.1/../../../../arm-none-eabi/lib/thumb/v6-m\libc_nano.a(lib_a-reent.o)
 .ARM.attributes
                0x00000804       0x2c c:/program files (x86)/atmel/studio/7.0/toolchain/arm/arm-gnu-toolchain/bin/../lib/gcc/arm-none-eabi/6.3.1/../../../../arm-none-eabi/lib/thumb/v6-m\libc_nano.a(lib_a-memchr-stub.o)
 .ARM.attributes
                0x00000830       0x2c c:/program files (x86)/atmel/studio/7.0/toolchain/arm/arm-gnu-toolchain/bin/../lib/gcc/arm-none-eabi/6.3.1/../../../../arm-none-eabi/lib/thumb/v6-m\libc_nano.a(lib_a-memmove.o)
 .ARM.attributes
                0x0000085c       0x2c c:/program files (x86)/atmel/studio/7.0/toolchain/arm/arm-gnu-toolchain/bin/../lib/gcc/arm-none-eabi/6.3.1/../../../../arm-none-eabi/lib/thumb/v6-m\libc_nano.a(lib_a-nano-reallocr.o)
 .ARM.attributes
                0x00000888       0x2c c:/program files (x86)/atmel/studio/7.0/toolchain/arm/arm-gnu-toolchain/bin/../lib/gcc/arm-none-eabi/6.3.1/../../../../arm-none-eabi/lib/thumb/v6-m\libc_nano.a(lib_a-nano-msizer.o)
 .ARM.attributes
                0x000008b4       0x1e c:/program files (x86)/atmel/studio/7.0/toolchain/arm/arm-gnu-toolchain/bin/../lib/gcc/arm-none-eabi/6.3.1/thumb/v6-m/crtn.o

.comment        0x00000000       0x59
 .comment       0x00000000       0x59 App/DcaApp.o
                                 0x5a (size before relaxing)
 .comment       0x00000059       0x5a atmel_start.o
 .comment       0x00000059       0x5a Core/Debug.o
 .comment       0x00000059       0x5a Core/Watchdog.o
 .comment       0x00000059       0x5a Device_Startup/startup_samd20.o
 .comment       0x00000059       0x5a driver_init.o
 .comment       0x00000059       0x5a hal/src/hal_delay.o
 .comment       0x00000059       0x5a hal/src/hal_ext_irq.o
 .comment       0x00000059       0x5a hal/src/hal_flash.o
 .comment       0x00000059       0x5a hal/src/hal_spi_m_sync.o
 .comment       0x00000059       0x5a hal/src/hal_timer.o
 .comment       0x00000059       0x5a hal/utils/src/utils_list.o
 .comment       0x00000059       0x5a hal/utils/src/utils_syscalls.o
 .comment       0x00000059       0x5a hpl/core/hpl_init.o
 .comment       0x00000059       0x5a hpl/eic/hpl_eic.o
 .comment       0x00000059       0x5a hpl/gclk/hpl_gclk.o
 .comment       0x00000059       0x5a hpl/nvmctrl/hpl_nvmctrl.o
 .comment       0x00000059       0x5a hpl/pm/hpl_pm.o
 .comment       0x00000059       0x5a hpl/sercom/hpl_sercom.o
 .comment       0x00000059       0x5a hpl/sysctrl/hpl_sysctrl.o
 .comment       0x00000059       0x5a hpl/systick/hpl_systick.o
 .comment       0x00000059       0x5a hpl/tc/hpl_tc.o
 .comment       0x00000059       0x5a hpl/wdt/hpl_wdt.o
 .comment       0x00000059       0x5a main.o

.debug_frame    0x00000000      0x4d0
 .debug_frame   0x00000000       0x20 c:/program files (x86)/atmel/studio/7.0/toolchain/arm/arm-gnu-toolchain/bin/../lib/gcc/arm-none-eabi/6.3.1/thumb/v6-m\libgcc.a(_udivsi3.o)
 .debug_frame   0x00000020       0x34 c:/program files (x86)/atmel/studio/7.0/toolchain/arm/arm-gnu-toolchain/bin/../lib/gcc/arm-none-eabi/6.3.1/thumb/v6-m\libgcc.a(_muldi3.o)
 .debug_frame   0x00000054       0x28 c:/program files (x86)/atmel/studio/7.0/toolchain/arm/arm-gnu-toolchain/bin/../lib/gcc/arm-none-eabi/6.3.1/thumb/v6-m\libgcc.a(_ffssi2.o)
 .debug_frame   0x0000007c       0x2c c:/program files (x86)/atmel/studio/7.0/toolchain/arm/arm-gnu-toolchain/bin/../lib/gcc/arm-none-eabi/6.3.1/../../../../arm-none-eabi/lib/thumb/v6-m\libc_nano.a(lib_a-init.o)
 .debug_frame   0x000000a8       0x28 c:/program files (x86)/atmel/studio/7.0/toolchain/arm/arm-gnu-toolchain/bin/../lib/gcc/arm-none-eabi/6.3.1/../../../../arm-none-eabi/lib/thumb/v6-m\libc_nano.a(lib_a-memcpy-stub.o)
 .debug_frame   0x000000d0       0x20 c:/program files (x86)/atmel/studio/7.0/toolchain/arm/arm-gnu-toolchain/bin/../lib/gcc/arm-none-eabi/6.3.1/../../../../arm-none-eabi/lib/thumb/v6-m\libc_nano.a(lib_a-memset.o)
 .debug_frame   0x000000f0       0x2c c:/program files (x86)/atmel/studio/7.0/toolchain/arm/arm-gnu-toolchain/bin/../lib/gcc/arm-none-eabi/6.3.1/../../../../arm-none-eabi/lib/thumb/v6-m\libc_nano.a(lib_a-nano-freer.o)
 .debug_frame   0x0000011c       0x2c c:/program files (x86)/atmel/studio/7.0/toolchain/arm/arm-gnu-toolchain/bin/../lib/gcc/arm-none-eabi/6.3.1/../../../../arm-none-eabi/lib/thumb/v6-m\libc_nano.a(lib_a-nano-mallocr.o)
 .debug_frame   0x00000148       0x2c c:/program files (x86)/atmel/studio/7.0/toolchain/arm/arm-gnu-toolchain/bin/../lib/gcc/arm-none-eabi/6.3.1/../../../../arm-none-eabi/lib/thumb/v6-m\libc_nano.a(lib_a-sbrkr.o)
 .debug_frame   0x00000174       0x44 c:/program files (x86)/atmel/studio/7.0/toolchain/arm/arm-gnu-toolchain/bin/../lib/gcc/arm-none-eabi/6.3.1/../../../../arm-none-eabi/lib/thumb/v6-m\libc_nano.a(lib_a-vsprintf.o)
 .debug_frame   0x000001b8      0x140 c:/program files (x86)/atmel/studio/7.0/toolchain/arm/arm-gnu-toolchain/bin/../lib/gcc/arm-none-eabi/6.3.1/../../../../arm-none-eabi/lib/thumb/v6-m\libc_nano.a(lib_a-findfp.o)
 .debug_frame   0x000002f8       0x30 c:/program files (x86)/atmel/studio/7.0/toolchain/arm/arm-gnu-toolchain/bin/../lib/gcc/arm-none-eabi/6.3.1/../../../../arm-none-eabi/lib/thumb/v6-m\libc_nano.a(lib_a-mlock.o)
 .debug_frame   0x00000328       0x74 c:/program files (x86)/atmel/studio/7.0/toolchain/arm/arm-gnu-toolchain/bin/../lib/gcc/arm-none-eabi/6.3.1/../../../../arm-none-eabi/lib/thumb/v6-m\libc_nano.a(lib_a-nano-svfprintf.o)
 .debug_frame   0x0000039c       0x54 c:/program files (x86)/atmel/studio/7.0/toolchain/arm/arm-gnu-toolchain/bin/../lib/gcc/arm-none-eabi/6.3.1/../../../../arm-none-eabi/lib/thumb/v6-m\libc_nano.a(lib_a-nano-vfprintf_i.o)
 .debug_frame   0x000003f0       0x48 c:/program files (x86)/atmel/studio/7.0/toolchain/arm/arm-gnu-toolchain/bin/../lib/gcc/arm-none-eabi/6.3.1/../../../../arm-none-eabi/lib/thumb/v6-m\libc_nano.a(lib_a-reent.o)
 .debug_frame   0x00000438       0x20 c:/program files (x86)/atmel/studio/7.0/toolchain/arm/arm-gnu-toolchain/bin/../lib/gcc/arm-none-eabi/6.3.1/../../../../arm-none-eabi/lib/thumb/v6-m\libc_nano.a(lib_a-memchr-stub.o)
 .debug_frame   0x00000458       0x28 c:/program files (x86)/atmel/studio/7.0/toolchain/arm/arm-gnu-toolchain/bin/../lib/gcc/arm-none-eabi/6.3.1/../../../../arm-none-eabi/lib/thumb/v6-m\libc_nano.a(lib_a-memmove.o)
 .debug_frame   0x00000480       0x30 c:/program files (x86)/atmel/studio/7.0/toolchain/arm/arm-gnu-toolchain/bin/../lib/gcc/arm-none-eabi/6.3.1/../../../../arm-none-eabi/lib/thumb/v6-m\libc_nano.a(lib_a-nano-reallocr.o)
 .debug_frame   0x000004b0       0x20 c:/program files (x86)/atmel/studio/7.0/toolchain/arm/arm-gnu-toolchain/bin/../lib/gcc/arm-none-eabi/6.3.1/../../../../arm-none-eabi/lib/thumb/v6-m\libc_nano.a(lib_a-nano-msizer.o)
