Archive member included to satisfy reference by file (symbol)

c:/program files (x86)/atmel/studio/7.0/toolchain/arm/arm-gnu-toolchain/bin/../lib/gcc/arm-none-eabi/6.3.1/thumb/v6-m\libgcc.a(_udivsi3.o)
                              hpl/core/hpl_core_m0plus_base.o (__aeabi_uidiv)
c:/program files (x86)/atmel/studio/7.0/toolchain/arm/arm-gnu-toolchain/bin/../lib/gcc/arm-none-eabi/6.3.1/thumb/v6-m\libgcc.a(_dvmd_tls.o)
                              c:/program files (x86)/atmel/studio/7.0/toolchain/arm/arm-gnu-toolchain/bin/../lib/gcc/arm-none-eabi/6.3.1/thumb/v6-m\libgcc.a(_udivsi3.o) (__aeabi_idiv0)
c:/program files (x86)/atmel/studio/7.0/toolchain/arm/arm-gnu-toolchain/bin/../lib/gcc/arm-none-eabi/6.3.1/thumb/v6-m\libgcc.a(_aeabi_uldivmod.o)
                              hpl/sercom/hpl_sercom.o (__aeabi_uldivmod)
c:/program files (x86)/atmel/studio/7.0/toolchain/arm/arm-gnu-toolchain/bin/../lib/gcc/arm-none-eabi/6.3.1/thumb/v6-m\libgcc.a(_muldi3.o)
                              hpl/sercom/hpl_sercom.o (__aeabi_lmul)
c:/program files (x86)/atmel/studio/7.0/toolchain/arm/arm-gnu-toolchain/bin/../lib/gcc/arm-none-eabi/6.3.1/thumb/v6-m\libgcc.a(_ffssi2.o)
                              hpl/eic/hpl_eic.o (__ffssi2)
c:/program files (x86)/atmel/studio/7.0/toolchain/arm/arm-gnu-toolchain/bin/../lib/gcc/arm-none-eabi/6.3.1/thumb/v6-m\libgcc.a(_fixunsdfsi.o)
                              hpl/sercom/hpl_sercom.o (__aeabi_d2uiz)
c:/program files (x86)/atmel/studio/7.0/toolchain/arm/arm-gnu-toolchain/bin/../lib/gcc/arm-none-eabi/6.3.1/thumb/v6-m\libgcc.a(_udivmoddi4.o)
                              c:/program files (x86)/atmel/studio/7.0/toolchain/arm/arm-gnu-toolchain/bin/../lib/gcc/arm-none-eabi/6.3.1/thumb/v6-m\libgcc.a(_aeabi_uldivmod.o) (__udivmoddi4)
c:/program files (x86)/atmel/studio/7.0/toolchain/arm/arm-gnu-toolchain/bin/../lib/gcc/arm-none-eabi/6.3.1/thumb/v6-m\libgcc.a(divdf3.o)
                              hpl/sercom/hpl_sercom.o (__aeabi_ddiv)
c:/program files (x86)/atmel/studio/7.0/toolchain/arm/arm-gnu-toolchain/bin/../lib/gcc/arm-none-eabi/6.3.1/thumb/v6-m\libgcc.a(muldf3.o)
                              hpl/sercom/hpl_sercom.o (__aeabi_dmul)
c:/program files (x86)/atmel/studio/7.0/toolchain/arm/arm-gnu-toolchain/bin/../lib/gcc/arm-none-eabi/6.3.1/thumb/v6-m\libgcc.a(subdf3.o)
                              hpl/sercom/hpl_sercom.o (__aeabi_dsub)
c:/program files (x86)/atmel/studio/7.0/toolchain/arm/arm-gnu-toolchain/bin/../lib/gcc/arm-none-eabi/6.3.1/thumb/v6-m\libgcc.a(fixdfsi.o)
                              c:/program files (x86)/atmel/studio/7.0/toolchain/arm/arm-gnu-toolchain/bin/../lib/gcc/arm-none-eabi/6.3.1/thumb/v6-m\libgcc.a(_fixunsdfsi.o) (__aeabi_d2iz)
c:/program files (x86)/atmel/studio/7.0/toolchain/arm/arm-gnu-toolchain/bin/../lib/gcc/arm-none-eabi/6.3.1/thumb/v6-m\libgcc.a(floatsidf.o)
                              hpl/sercom/hpl_sercom.o (__aeabi_i2d)
c:/program files (x86)/atmel/studio/7.0/toolchain/arm/arm-gnu-toolchain/bin/../lib/gcc/arm-none-eabi/6.3.1/thumb/v6-m\libgcc.a(floatunsidf.o)
                              hpl/sercom/hpl_sercom.o (__aeabi_ui2d)
c:/program files (x86)/atmel/studio/7.0/toolchain/arm/arm-gnu-toolchain/bin/../lib/gcc/arm-none-eabi/6.3.1/thumb/v6-m\libgcc.a(_arm_cmpdf2.o)
                              c:/program files (x86)/atmel/studio/7.0/toolchain/arm/arm-gnu-toolchain/bin/../lib/gcc/arm-none-eabi/6.3.1/thumb/v6-m\libgcc.a(_fixunsdfsi.o) (__aeabi_dcmpge)
c:/program files (x86)/atmel/studio/7.0/toolchain/arm/arm-gnu-toolchain/bin/../lib/gcc/arm-none-eabi/6.3.1/thumb/v6-m\libgcc.a(_clzsi2.o)
                              c:/program files (x86)/atmel/studio/7.0/toolchain/arm/arm-gnu-toolchain/bin/../lib/gcc/arm-none-eabi/6.3.1/thumb/v6-m\libgcc.a(divdf3.o) (__clzsi2)
c:/program files (x86)/atmel/studio/7.0/toolchain/arm/arm-gnu-toolchain/bin/../lib/gcc/arm-none-eabi/6.3.1/thumb/v6-m\libgcc.a(_clzdi2.o)
                              c:/program files (x86)/atmel/studio/7.0/toolchain/arm/arm-gnu-toolchain/bin/../lib/gcc/arm-none-eabi/6.3.1/thumb/v6-m\libgcc.a(_udivmoddi4.o) (__clzdi2)
c:/program files (x86)/atmel/studio/7.0/toolchain/arm/arm-gnu-toolchain/bin/../lib/gcc/arm-none-eabi/6.3.1/thumb/v6-m\libgcc.a(_ctzsi2.o)
                              c:/program files (x86)/atmel/studio/7.0/toolchain/arm/arm-gnu-toolchain/bin/../lib/gcc/arm-none-eabi/6.3.1/thumb/v6-m\libgcc.a(_ffssi2.o) (__ctzsi2)
c:/program files (x86)/atmel/studio/7.0/toolchain/arm/arm-gnu-toolchain/bin/../lib/gcc/arm-none-eabi/6.3.1/thumb/v6-m\libgcc.a(eqdf2.o)
                              c:/program files (x86)/atmel/studio/7.0/toolchain/arm/arm-gnu-toolchain/bin/../lib/gcc/arm-none-eabi/6.3.1/thumb/v6-m\libgcc.a(_arm_cmpdf2.o) (__eqdf2)
c:/program files (x86)/atmel/studio/7.0/toolchain/arm/arm-gnu-toolchain/bin/../lib/gcc/arm-none-eabi/6.3.1/thumb/v6-m\libgcc.a(gedf2.o)
[...]
Memory Configuration

Name             Origin             Length             Attributes
rom              0x00000000         0x00040000         xr
ram              0x20000000         0x00008000         xrw
*default*        0x00000000         0xffffffff

Linker script and memory map

LOAD c:/program files (x86)/atmel/studio/7.0/toolchain/arm/arm-gnu-toolchain/bin/../lib/gcc/arm-none-eabi/6.3.1/thumb/v6-m/crti.o
LOAD c:/program files (x86)/atmel/studio/7.0/toolchain/arm/arm-gnu-toolchain/bin/../lib/gcc/arm-none-eabi/6.3.1/thumb/v6-m/crtbegin.o
LOAD c:/program files (x86)/atmel/studio/7.0/toolchain/arm/arm-gnu-toolchain/bin/../lib/gcc/arm-none-eabi/6.3.1/../../../../arm-none-eabi/lib/thumb/v6-m/crt0.o
LOAD App/DcaApp.o
LOAD atmel_start.o
LOAD DcaCore/Ethernet.o
LOAD DcaCore/Timer.o
LOAD DcaCore/Watchdog.o
LOAD DcaCore/Wifi.o
LOAD Device_Startup/startup_samd21.o
LOAD Device_Startup/system_samd21.o
LOAD driver_init.o
LOAD examples/driver_examples.o
LOAD hal/src/hal_atomic.o
LOAD hal/src/hal_delay.o
LOAD hal/src/hal_ext_irq.o
LOAD hal/src/hal_gpio.o
LOAD hal/src/hal_init.o
LOAD hal/src/hal_io.o
LOAD hal/src/hal_sleep.o
LOAD hal/src/hal_spi_m_sync.o
LOAD hal/src/hal_timer.o
LOAD hal/src/hal_usart_sync.o
LOAD hal/src/hal_wdt.o
LOAD hal/utils/src/utils_assert.o
LOAD hal/utils/src/utils_event.o
LOAD hal/utils/src/utils_list.o
LOAD hal/utils/src/utils_syscalls.o
LOAD hpl/core/hpl_core_m0plus_base.o
LOAD hpl/core/hpl_init.o
LOAD hpl/dmac/hpl_dmac.o
LOAD hpl/eic/hpl_eic.o
LOAD hpl/gclk/hpl_gclk.o
LOAD hpl/pm/hpl_pm.o
LOAD hpl/sercom/hpl_sercom.o
LOAD hpl/sysctrl/hpl_sysctrl.o
LOAD hpl/systick/hpl_systick.o
LOAD hpl/tc/hpl_tc.o
LOAD hpl/wdt/hpl_wdt.o
LOAD main.o
LOAD stdio_redirect/gcc/read.o
LOAD stdio_redirect/gcc/write.o
LOAD stdio_redirect/stdio_io.o
LOAD stdio_start.o
LOAD tcpip_lite/ethernet_drivers/enc28j60.o
LOAD tcpip_lite/source/arpv4.o
LOAD tcpip_lite/source/dhcp_client.o
LOAD tcpip_lite/source/icmp.o
LOAD tcpip_lite/source/ipv4.o
LOAD tcpip_lite/source/mac_address.o
LOAD tcpip_lite/source/network.o
LOAD tcpip_lite/source/syslog.o
LOAD tcpip_lite/source/tcpv4.o
LOAD tcpip_lite/source/udpv4.o
LOAD tcpip_lite_start.o
START GROUP
LOAD c:/program files (x86)/atmel/studio/7.0/toolchain/arm/arm-gnu-toolchain/bin/../lib/gcc/arm-none-eabi/6.3.1/../../../../arm-none-eabi/lib/thumb/v6-m\libm.a
END GROUP
START GROUP
LOAD c:/program files (x86)/atmel/studio/7.0/toolchain/arm/arm-gnu-toolchain/bin/../lib/gcc/arm-none-eabi/6.3.1/thumb/v6-m\libgcc.a
LOAD c:/program files (x86)/atmel/studio/7.0/toolchain/arm/arm-gnu-toolchain/bin/../lib/gcc/arm-none-eabi/6.3.1/../../../../arm-none-eabi/lib/thumb/v6-m\libc_nano.a
END GROUP
START GROUP
LOAD c:/program files (x86)/atmel/studio/7.0/toolchain/arm/arm-gnu-toolchain/bin/../lib/gcc/arm-none-eabi/6.3.1/thumb/v6-m\libgcc.a
LOAD c:/program files (x86)/atmel/studio/7.0/toolchain/arm/arm-gnu-toolchain/bin/../lib/gcc/arm-none-eabi/6.3.1/../../../../arm-none-eabi/lib/thumb/v6-m\libc_nano.a
END GROUP
LOAD c:/program files (x86)/atmel/studio/7.0/toolchain/arm/arm-gnu-toolchain/bin/../lib/gcc/arm-none-eabi/6.3.1/thumb/v6-m/crtend.o
LOAD c:/program files (x86)/atmel/studio/7.0/toolchain/arm/arm-gnu-toolchain/bin/../lib/gcc/arm-none-eabi/6.3.1/thumb/v6-m/crtn.o
                0x00002000                STACK_SIZE = DEFINED (STACK_SIZE)?STACK_SIZE:DEFINED (__stack_size__)?__stack_size__:0x2000

.text           0x00000000     0x2f98
                0x00000000                . = ALIGN (0x4)
                0x00000000                _sfixed = .
 *(.vectors .vectors.*)
 .vectors       0x00000000       0xb4 Device_Startup/startup_samd21.o
                0x00000000                exception_table
 *(.text .text.* .gnu.linkonce.t.*)
 .text          0x000000b4       0x60 c:/program files (x86)/atmel/studio/7.0/toolchain/arm/arm-gnu-toolchain/bin/../lib/gcc/arm-none-eabi/6.3.1/thumb/v6-m/crtbegin.o
 .text.DcaApp_Init
                0x00000114        0xc App/DcaApp.o
                0x00000114                DcaApp_Init
 .text.DcaApp_Entry
                0x00000120       0x68 App/DcaApp.o
                0x00000120                DcaApp_Entry
 .text.atmel_start_init
                0x00000188       0x14 atmel_start.o
                0x00000188                atmel_start_init
 .text.Watchdog_Init
                0x0000019c       0x58 DcaCore/Watchdog.o
                0x0000019c                Watchdog_Init
 .text.Watchdog_Feed
                0x000001f4       0x30 DcaCore/Watchdog.o
                0x000001f4                Watchdog_Feed
 .text.Dummy_Handler
                0x00000224        0x2 Device_Startup/startup_samd21.o
                0x00000224                SVCall_Handler
                0x00000224                DMAC_Handler
                0x00000224                HardFault_Handler
                0x00000224                AC_Handler
                0x00000224                SysTick_Handler
                0x00000224                PendSV_Handler
                0x00000224                TC7_Handler
                0x00000224                SERCOM1_Handler
                0x00000224                ADC_Handler
                0x00000224                NonMaskableInt_Handler
                0x00000224                TCC1_Handler
                0x00000224                SERCOM2_Handler
                0x00000224                TCC0_Handler
                0x00000224                RTC_Handler
                0x00000224                TC6_Handler
                0x00000224                WDT_Handler
                0x00000224                USB_Handler
                0x00000224                Dummy_Handler
                0x00000224                PM_Handler
                0x00000224                SERCOM5_Handler
                0x00000224                TCC2_Handler
                0x00000224                EVSYS_Handler
                0x00000224                SERCOM3_Handler
                0x00000224                SERCOM4_Handler
                0x00000224                I2S_Handler
                0x00000224                NVMCTRL_Handler
                0x00000224                SERCOM0_Handler
                0x00000224                DAC_Handler
                0x00000224                PTC_Handler
                0x00000224                TC5_Handler
                0x00000224                SYSCTRL_Handler
 *fill*         0x00000226        0x2 
 .text.Reset_Handler
                0x00000228       0xc4 Device_Startup/startup_samd21.o
                0x00000228                Reset_Handler
 .text.TIMER_0_init
                0x000002ec       0x40 driver_init.o
 .text.TICK_TIMER_init
                0x0000032c       0x40 driver_init.o
 .text.EXTERNAL_IRQ_0_init
                0x0000036c       0xb4 driver_init.o
                0x0000036c                EXTERNAL_IRQ_0_init
 .text.WIRELESS_SPI_PORT_init
                0x00000420       0xb8 driver_init.o
                0x00000420                WIRELESS_SPI_PORT_init
 .text.WIRELESS_SPI_CLOCK_init
                0x000004d8       0x20 driver_init.o
                0x000004d8                WIRELESS_SPI_CLOCK_init
 .text.WIRELESS_SPI_init
                0x000004f8       0x28 driver_init.o
                0x000004f8                WIRELESS_SPI_init
 .text.ETHERNET_SPI_PORT_init
                0x00000520       0xbc driver_init.o
                0x00000520                ETHERNET_SPI_PORT_init
 .text.ETHERNET_SPI_CLOCK_init
                0x000005dc       0x20 driver_init.o
                0x000005dc                ETHERNET_SPI_CLOCK_init
 .text.ETHERNET_SPI_init
                0x000005fc       0x28 driver_init.o
                0x000005fc                ETHERNET_SPI_init
 .text.DEBUG_0_PORT_init
                0x00000624       0x44 driver_init.o
                0x00000624                DEBUG_0_PORT_init
 .text.DEBUG_0_CLOCK_init
                0x00000668       0x20 driver_init.o
                0x00000668                DEBUG_0_CLOCK_init
 .text.DEBUG_0_init
                0x00000688       0x2c driver_init.o
                0x00000688                DEBUG_0_init
 .text.delay_driver_init
                0x000006b4       0x14 driver_init.o
                0x000006b4                delay_driver_init
 .text.WDT_0_CLOCK_init
                0x000006c8       0x20 driver_init.o
                0x000006c8                WDT_0_CLOCK_init
 .text.WDT_0_init
                0x000006e8       0x34 driver_init.o
                0x000006e8                WDT_0_init
 .text.system_init
                0x0000071c       0xf4 driver_init.o
                0x0000071c                system_init
 .text.delay_init
                0x00000810       0x14 hal/src/hal_delay.o
                0x00000810                delay_init
 .text.delay_ms
                0x00000824       0x20 hal/src/hal_delay.o
                0x00000824                delay_ms
 .text.process_ext_irq
                0x00000844       0x44 hal/src/hal_ext_irq.o
 .text.ext_irq_init
                0x00000888       0x34 hal/src/hal_ext_irq.o
                0x00000888                ext_irq_init
 .text.io_write
                0x000008bc       0x38 hal/src/hal_io.o
                0x000008bc                io_write
 .text.io_read  0x000008f4       0x38 hal/src/hal_io.o
                0x000008f4                io_read
 .text.spi_m_sync_init
                0x0000092c       0x58 hal/src/hal_spi_m_sync.o
                0x0000092c                spi_m_sync_init
 .text.spi_m_sync_transfer
                0x00000984       0x48 hal/src/hal_spi_m_sync.o
                0x00000984                spi_m_sync_transfer
 .text._spi_m_sync_io_write
                0x000009cc       0x3c hal/src/hal_spi_m_sync.o
 .text._spi_m_sync_io_read
                0x00000a08       0x3c hal/src/hal_spi_m_sync.o
 .text.timer_add_timer_task
                0x00000a44       0x58 hal/src/hal_timer.o
 .text.timer_process_counted
                0x00000a9c       0x64 hal/src/hal_timer.o
 .text.timer_init
                0x00000b00       0x44 hal/src/hal_timer.o
                0x00000b00                timer_init
 .text.usart_sync_write
                0x00000b44       0x74 hal/src/hal_usart_sync.o
 .text.usart_sync_read
                0x00000bb8       0x6c hal/src/hal_usart_sync.o
 .text.usart_sync_init
                0x00000c24       0x4c hal/src/hal_usart_sync.o
                0x00000c24                usart_sync_init
 .text.usart_sync_enable
                0x00000c70       0x2c hal/src/hal_usart_sync.o
                0x00000c70                usart_sync_enable
 .text.assert   0x00000c9c        0x8 hal/utils/src/utils_assert.o
                0x00000c9c                assert
 .text.is_list_element
                0x00000ca4       0x16 hal/utils/src/utils_list.o
                0x00000ca4                is_list_element
 *fill*         0x00000cba        0x2 
 .text.list_insert_as_head
                0x00000cbc       0x2c hal/utils/src/utils_list.o
                0x00000cbc                list_insert_as_head
 .text.list_insert_after
                0x00000ce8        0x8 hal/utils/src/utils_list.o
                0x00000ce8                list_insert_after
 .text.list_remove_head
                0x00000cf0       0x12 hal/utils/src/utils_list.o
                0x00000cf0                list_remove_head
 *fill*         0x00000d02        0x2 
 .text._sbrk    0x00000d04       0x24 hal/utils/src/utils_syscalls.o
                0x00000d04                _sbrk
 .text._close   0x00000d28        0x6 hal/utils/src/utils_syscalls.o
                0x00000d28                _close
 .text._fstat   0x00000d2e        0xa hal/utils/src/utils_syscalls.o
                0x00000d2e                _fstat
 .text._isatty  0x00000d38        0x4 hal/utils/src/utils_syscalls.o
                0x00000d38                _isatty
 .text._lseek   0x00000d3c        0x4 hal/utils/src/utils_syscalls.o
                0x00000d3c                _lseek
 .text._get_cycles_for_ms
                0x00000d40        0xe hpl/core/hpl_core_m0plus_base.o
                0x00000d40                _get_cycles_for_ms
 *fill*         0x00000d4e        0x2 
 .text._init_chip
                0x00000d50       0x30 hpl/core/hpl_init.o
                0x00000d50                _init_chip
 .text._ext_irq_init
                0x00000d80       0x98 hpl/eic/hpl_eic.o
                0x00000d80                _ext_irq_init
 .text.EIC_Handler
                0x00000e18       0xbc hpl/eic/hpl_eic.o
                0x00000e18                EIC_Handler
 .text._gclk_init_generators_by_fref
                0x00000ed4       0x5c hpl/gclk/hpl_gclk.o
                0x00000ed4                _gclk_init_generators_by_fref
 .text._pm_init
                0x00000f30       0x20 hpl/pm/hpl_pm.o
                0x00000f30                _pm_init
 .text._sercom_get_hardware_index
                0x00000f50       0x10 hpl/sercom/hpl_sercom.o
 .text._get_sercom_index
                0x00000f60       0x44 hpl/sercom/hpl_sercom.o
 .text._usart_init
                0x00000fa4       0xf0 hpl/sercom/hpl_sercom.o
 .text._usart_sync_init
                0x00001094       0x2c hpl/sercom/hpl_sercom.o
                0x00001094                _usart_sync_init
 .text._usart_sync_enable
                0x000010c0       0x12 hpl/sercom/hpl_sercom.o
                0x000010c0                _usart_sync_enable
 .text._usart_sync_write_byte
                0x000010d2        0x8 hpl/sercom/hpl_sercom.o
                0x000010d2                _usart_sync_write_byte
 .text._usart_sync_read_byte
                0x000010da        0x8 hpl/sercom/hpl_sercom.o
                0x000010da                _usart_sync_read_byte
 .text._usart_sync_is_ready_to_send
                0x000010e2        0xa hpl/sercom/hpl_sercom.o
                0x000010e2                _usart_sync_is_ready_to_send
 .text._usart_sync_is_transmit_done
                0x000010ec        0xc hpl/sercom/hpl_sercom.o
                0x000010ec                _usart_sync_is_transmit_done
 .text._usart_sync_is_byte_received
                0x000010f8        0xc hpl/sercom/hpl_sercom.o
                0x000010f8                _usart_sync_is_byte_received
 .text._spi_m_sync_init
                0x00001104      0x204 hpl/sercom/hpl_sercom.o
                0x00001104                _spi_m_sync_init
 .text._spi_m_sync_trans
                0x00001308      0x114 hpl/sercom/hpl_sercom.o
                0x00001308                _spi_m_sync_trans
 .text._sysctrl_init_sources
                0x0000141c       0x5c hpl/sysctrl/hpl_sysctrl.o
                0x0000141c                _sysctrl_init_sources
 .text._sysctrl_init_referenced_generators
                0x00001478        0x2 hpl/sysctrl/hpl_sysctrl.o
                0x00001478                _sysctrl_init_referenced_generators
 *fill*         0x0000147a        0x2 
 .text._system_time_init
                0x0000147c       0x14 hpl/systick/hpl_systick.o
                0x0000147c                _system_time_init
 .text._delay_init
                0x00001490        0xc hpl/systick/hpl_systick.o
                0x00001490                _delay_init
 .text._delay_cycles
                0x0000149c       0x40 hpl/systick/hpl_systick.o
                0x0000149c                _delay_cycles
 .text.tc_interrupt_handler
                0x000014dc       0x16 hpl/tc/hpl_tc.o
 *fill*         0x000014f2        0x2 
 .text.tc_get_hardware_index
                0x000014f4       0x10 hpl/tc/hpl_tc.o
 .text._tc_init_irq_param
                0x00001504       0x28 hpl/tc/hpl_tc.o
 .text.get_tc_index
                0x0000152c       0x4c hpl/tc/hpl_tc.o
 .text._timer_init
                0x00001578      0x124 hpl/tc/hpl_tc.o
                0x00001578                _timer_init
 .text._tc_get_timer
                0x0000169c        0x4 hpl/tc/hpl_tc.o
                0x0000169c                _tc_get_timer
 .text.TC3_Handler
                0x000016a0       0x14 hpl/tc/hpl_tc.o
                0x000016a0                TC3_Handler
 .text.TC4_Handler
                0x000016b4       0x14 hpl/tc/hpl_tc.o
                0x000016b4                TC4_Handler
 .text._wdt_init
                0x000016c8       0x74 hpl/wdt/hpl_wdt.o
                0x000016c8                _wdt_init
 .text._wdt_set_timeout_period
                0x0000173c      0x11c hpl/wdt/hpl_wdt.o
                0x0000173c                _wdt_set_timeout_period
 .text._wdt_enable
                0x00001858       0x3c hpl/wdt/hpl_wdt.o
                0x00001858                _wdt_enable
 .text._wdt_feed
                0x00001894       0x38 hpl/wdt/hpl_wdt.o
                0x00001894                _wdt_feed
 .text.main     0x000018cc       0x2c main.o
                0x000018cc                main
 .text._read    0x000018f8       0x28 stdio_redirect/gcc/read.o
                0x000018f8                _read
 .text._write   0x00001920       0x28 stdio_redirect/gcc/write.o
                0x00001920                _write
 .text.stdio_io_init
                0x00001948       0x2c stdio_redirect/stdio_io.o
                0x00001948                stdio_io_init
 .text.stdio_io_read
                0x00001974       0x24 stdio_redirect/stdio_io.o
                0x00001974                stdio_io_read
 .text.stdio_io_write
                0x00001998       0x24 stdio_redirect/stdio_io.o
                0x00001998                stdio_io_write
 .text.stdio_redirect_init
                0x000019bc       0x20 stdio_start.o
                0x000019bc                stdio_redirect_init
 .text          0x000019dc      0x114 c:/program files (x86)/atmel/studio/7.0/toolchain/arm/arm-gnu-toolchain/bin/../lib/gcc/arm-none-eabi/6.3.1/thumb/v6-m\libgcc.a(_udivsi3.o)
                0x000019dc                __aeabi_uidiv
                0x000019dc                __udivsi3
                0x00001ae8                __aeabi_uidivmod
 .text          0x00001af0        0x4 c:/program files (x86)/atmel/studio/7.0/toolchain/arm/arm-gnu-toolchain/bin/../lib/gcc/arm-none-eabi/6.3.1/thumb/v6-m\libgcc.a(_dvmd_tls.o)
                0x00001af0                __aeabi_idiv0
                0x00001af0                __aeabi_ldiv0
 .text          0x00001af4       0x54 c:/program files (x86)/atmel/studio/7.0/toolchain/arm/arm-gnu-toolchain/bin/../lib/gcc/arm-none-eabi/6.3.1/thumb/v6-m\libgcc.a(_muldi3.o)
                0x00001af4                __muldi3
                0x00001af4                __aeabi_lmul
 .text          0x00001b48       0x14 c:/program files (x86)/atmel/studio/7.0/toolchain/arm/arm-gnu-toolchain/bin/../lib/gcc/arm-none-eabi/6.3.1/thumb/v6-m\libgcc.a(_ffssi2.o)
                0x00001b48                __ffssi2
 .text          0x00001b5c       0x40 c:/program files (x86)/atmel/studio/7.0/toolchain/arm/arm-gnu-toolchain/bin/../lib/gcc/arm-none-eabi/6.3.1/thumb/v6-m\libgcc.a(_ctzsi2.o)
                0x00001b5c                __ctzsi2
 .text.__libc_init_array
                0x00001b9c       0x48 c:/program files (x86)/atmel/studio/7.0/toolchain/arm/arm-gnu-toolchain/bin/../lib/gcc/arm-none-eabi/6.3.1/../../../../arm-none-eabi/lib/thumb/v6-m\libc_nano.a(lib_a-init.o)
                0x00001b9c                __libc_init_array
 .text.memset   0x00001be4       0x10 c:/program files (x86)/atmel/studio/7.0/toolchain/arm/arm-gnu-toolchain/bin/../lib/gcc/arm-none-eabi/6.3.1/../../../../arm-none-eabi/lib/thumb/v6-m\libc_nano.a(lib_a-memset.o)
                0x00001be4                memset
 .text.printf   0x00001bf4       0x34 c:/program files (x86)/atmel/studio/7.0/toolchain/arm/arm-gnu-toolchain/bin/../lib/gcc/arm-none-eabi/6.3.1/../../../../arm-none-eabi/lib/thumb/v6-m\libc_nano.a(lib_a-printf.o)
                0x00001bf4                iprintf
                0x00001bf4                printf
 .text._puts_r  0x00001c28       0xc0 c:/program files (x86)/atmel/studio/7.0/toolchain/arm/arm-gnu-toolchain/bin/../lib/gcc/arm-none-eabi/6.3.1/../../../../arm-none-eabi/lib/thumb/v6-m\libc_nano.a(lib_a-puts.o)
                0x00001c28                _puts_r
 .text.puts     0x00001ce8       0x14 c:/program files (x86)/atmel/studio/7.0/toolchain/arm/arm-gnu-toolchain/bin/../lib/gcc/arm-none-eabi/6.3.1/../../../../arm-none-eabi/lib/thumb/v6-m\libc_nano.a(lib_a-puts.o)
                0x00001ce8                puts
 .text.setbuf   0x00001cfc       0x12 c:/program files (x86)/atmel/studio/7.0/toolchain/arm/arm-gnu-toolchain/bin/../lib/gcc/arm-none-eabi/6.3.1/../../../../arm-none-eabi/lib/thumb/v6-m\libc_nano.a(lib_a-setbuf.o)
                0x00001cfc                setbuf
 *fill*         0x00001d0e        0x2 
 .text.setvbuf  0x00001d10      0x158 c:/program files (x86)/atmel/studio/7.0/toolchain/arm/arm-gnu-toolchain/bin/../lib/gcc/arm-none-eabi/6.3.1/../../../../arm-none-eabi/lib/thumb/v6-m\libc_nano.a(lib_a-setvbuf.o)
                0x00001d10                setvbuf
 .text.__swbuf_r
                0x00001e68       0xac c:/program files (x86)/atmel/studio/7.0/toolchain/arm/arm-gnu-toolchain/bin/../lib/gcc/arm-none-eabi/6.3.1/../../../../arm-none-eabi/lib/thumb/v6-m\libc_nano.a(lib_a-wbuf.o)
                0x00001e68                __swbuf_r
 .text.__swsetup_r
                0x00001f14       0xec c:/program files (x86)/atmel/studio/7.0/toolchain/arm/arm-gnu-toolchain/bin/../lib/gcc/arm-none-eabi/6.3.1/../../../../arm-none-eabi/lib/thumb/v6-m\libc_nano.a(lib_a-wsetup.o)
                0x00001f14                __swsetup_r
 .text.__sflush_r
                0x00002000      0x114 c:/program files (x86)/atmel/studio/7.0/toolchain/arm/arm-gnu-toolchain/bin/../lib/gcc/arm-none-eabi/6.3.1/../../../../arm-none-eabi/lib/thumb/v6-m\libc_nano.a(lib_a-fflush.o)
                0x00002000                __sflush_r
 .text._fflush_r
                0x00002114       0x58 c:/program files (x86)/atmel/studio/7.0/toolchain/arm/arm-gnu-toolchain/bin/../lib/gcc/arm-none-eabi/6.3.1/../../../../arm-none-eabi/lib/thumb/v6-m\libc_nano.a(lib_a-fflush.o)
                0x00002114                _fflush_r
 .text._cleanup_r
                0x0000216c       0x10 c:/program files (x86)/atmel/studio/7.0/toolchain/arm/arm-gnu-toolchain/bin/../lib/gcc/arm-none-eabi/6.3.1/../../../../arm-none-eabi/lib/thumb/v6-m\libc_nano.a(lib_a-findfp.o)
                0x0000216c                _cleanup_r
 .text.std.isra.0
                0x0000217c       0x48 c:/program files (x86)/atmel/studio/7.0/toolchain/arm/arm-gnu-toolchain/bin/../lib/gcc/arm-none-eabi/6.3.1/../../../../arm-none-eabi/lib/thumb/v6-m\libc_nano.a(lib_a-findfp.o)
 .text.__sfmoreglue
                0x000021c4       0x2c c:/program files (x86)/atmel/studio/7.0/toolchain/arm/arm-gnu-toolchain/bin/../lib/gcc/arm-none-eabi/6.3.1/../../../../arm-none-eabi/lib/thumb/v6-m\libc_nano.a(lib_a-findfp.o)
                0x000021c4                __sfmoreglue
 .text.__sinit  0x000021f0       0x68 c:/program files (x86)/atmel/studio/7.0/toolchain/arm/arm-gnu-toolchain/bin/../lib/gcc/arm-none-eabi/6.3.1/../../../../arm-none-eabi/lib/thumb/v6-m\libc_nano.a(lib_a-findfp.o)
                0x000021f0                __sinit
 .text.__sfp    0x00002258       0x80 c:/program files (x86)/atmel/studio/7.0/toolchain/arm/arm-gnu-toolchain/bin/../lib/gcc/arm-none-eabi/6.3.1/../../../../arm-none-eabi/lib/thumb/v6-m\libc_nano.a(lib_a-findfp.o)
                0x00002258                __sfp
 .text._fwalk_reent
                0x000022d8       0x42 c:/program files (x86)/atmel/studio/7.0/toolchain/arm/arm-gnu-toolchain/bin/../lib/gcc/arm-none-eabi/6.3.1/../../../../arm-none-eabi/lib/thumb/v6-m\libc_nano.a(lib_a-fwalk.o)
                0x000022d8                _fwalk_reent
 *fill*         0x0000231a        0x2 
 .text.__swhatbuf_r
                0x0000231c       0x50 c:/program files (x86)/atmel/studio/7.0/toolchain/arm/arm-gnu-toolchain/bin/../lib/gcc/arm-none-eabi/6.3.1/../../../../arm-none-eabi/lib/thumb/v6-m\libc_nano.a(lib_a-makebuf.o)
                0x0000231c                __swhatbuf_r
 .text.__smakebuf_r
                0x0000236c       0x88 c:/program files (x86)/atmel/studio/7.0/toolchain/arm/arm-gnu-toolchain/bin/../lib/gcc/arm-none-eabi/6.3.1/../../../../arm-none-eabi/lib/thumb/v6-m\libc_nano.a(lib_a-makebuf.o)
                0x0000236c                __smakebuf_r
 .text.malloc   0x000023f4       0x14 c:/program files (x86)/atmel/studio/7.0/toolchain/arm/arm-gnu-toolchain/bin/../lib/gcc/arm-none-eabi/6.3.1/../../../../arm-none-eabi/lib/thumb/v6-m\libc_nano.a(lib_a-malloc.o)
                0x000023f4                malloc
 .text._free_r  0x00002408       0x94 c:/program files (x86)/atmel/studio/7.0/toolchain/arm/arm-gnu-toolchain/bin/../lib/gcc/arm-none-eabi/6.3.1/../../../../arm-none-eabi/lib/thumb/v6-m\libc_nano.a(lib_a-nano-freer.o)
                0x00002408                _free_r
 .text._malloc_r
                0x0000249c       0xbc c:/program files (x86)/atmel/studio/7.0/toolchain/arm/arm-gnu-toolchain/bin/../lib/gcc/arm-none-eabi/6.3.1/../../../../arm-none-eabi/lib/thumb/v6-m\libc_nano.a(lib_a-nano-mallocr.o)
                0x0000249c                _malloc_r
 .text.__sfputc_r
                0x00002558       0x2a c:/program files (x86)/atmel/studio/7.0/toolchain/arm/arm-gnu-toolchain/bin/../lib/gcc/arm-none-eabi/6.3.1/../../../../arm-none-eabi/lib/thumb/v6-m\libc_nano.a(lib_a-nano-vfprintf.o)
 .text.__sfputs_r
                0x00002582       0x24 c:/program files (x86)/atmel/studio/7.0/toolchain/arm/arm-gnu-toolchain/bin/../lib/gcc/arm-none-eabi/6.3.1/../../../../arm-none-eabi/lib/thumb/v6-m\libc_nano.a(lib_a-nano-vfprintf.o)
                0x00002582                __sfputs_r
 *fill*         0x000025a6        0x2 
 .text._vfprintf_r
                0x000025a8      0x238 c:/program files (x86)/atmel/studio/7.0/toolchain/arm/arm-gnu-toolchain/bin/../lib/gcc/arm-none-eabi/6.3.1/../../../../arm-none-eabi/lib/thumb/v6-m\libc_nano.a(lib_a-nano-vfprintf.o)
                0x000025a8                _vfprintf_r
                0x000025a8                _vfiprintf_r
 .text._printf_common
                0x000027e0       0xda c:/program files (x86)/atmel/studio/7.0/toolchain/arm/arm-gnu-toolchain/bin/../lib/gcc/arm-none-eabi/6.3.1/../../../../arm-none-eabi/lib/thumb/v6-m\libc_nano.a(lib_a-nano-vfprintf_i.o)
                0x000027e0                _printf_common
 *fill*         0x000028ba        0x2 
 .text._printf_i
                0x000028bc      0x234 c:/program files (x86)/atmel/studio/7.0/toolchain/arm/arm-gnu-toolchain/bin/../lib/gcc/arm-none-eabi/6.3.1/../../../../arm-none-eabi/lib/thumb/v6-m\libc_nano.a(lib_a-nano-vfprintf_i.o)
                0x000028bc                _printf_i
 .text._sbrk_r  0x00002af0       0x24 c:/program files (x86)/atmel/studio/7.0/toolchain/arm/arm-gnu-toolchain/bin/../lib/gcc/arm-none-eabi/6.3.1/../../../../arm-none-eabi/lib/thumb/v6-m\libc_nano.a(lib_a-sbrkr.o)
                0x00002af0                _sbrk_r
 .text.__sread  0x00002b14       0x28 c:/program files (x86)/atmel/studio/7.0/toolchain/arm/arm-gnu-toolchain/bin/../lib/gcc/arm-none-eabi/6.3.1/../../../../arm-none-eabi/lib/thumb/v6-m\libc_nano.a(lib_a-stdio.o)
                0x00002b14                __sread
 .text.__swrite
                0x00002b3c       0x38 c:/program files (x86)/atmel/studio/7.0/toolchain/arm/arm-gnu-toolchain/bin/../lib/gcc/arm-none-eabi/6.3.1/../../../../arm-none-eabi/lib/thumb/v6-m\libc_nano.a(lib_a-stdio.o)
                0x00002b3c                __swrite
 .text.__sseek  0x00002b74       0x2c c:/program files (x86)/atmel/studio/7.0/toolchain/arm/arm-gnu-toolchain/bin/../lib/gcc/arm-none-eabi/6.3.1/../../../../arm-none-eabi/lib/thumb/v6-m\libc_nano.a(lib_a-stdio.o)
                0x00002b74                __sseek
 .text.__sclose
                0x00002ba0        0xc c:/program files (x86)/atmel/studio/7.0/toolchain/arm/arm-gnu-toolchain/bin/../lib/gcc/arm-none-eabi/6.3.1/../../../../arm-none-eabi/lib/thumb/v6-m\libc_nano.a(lib_a-stdio.o)
                0x00002ba0                __sclose
 .text._write_r
                0x00002bac       0x28 c:/program files (x86)/atmel/studio/7.0/toolchain/arm/arm-gnu-toolchain/bin/../lib/gcc/arm-none-eabi/6.3.1/../../../../arm-none-eabi/lib/thumb/v6-m\libc_nano.a(lib_a-writer.o)
                0x00002bac                _write_r
 .text._close_r
                0x00002bd4       0x24 c:/program files (x86)/atmel/studio/7.0/toolchain/arm/arm-gnu-toolchain/bin/../lib/gcc/arm-none-eabi/6.3.1/../../../../arm-none-eabi/lib/thumb/v6-m\libc_nano.a(lib_a-closer.o)
                0x00002bd4                _close_r
 .text._fstat_r
                0x00002bf8       0x24 c:/program files (x86)/atmel/studio/7.0/toolchain/arm/arm-gnu-toolchain/bin/../lib/gcc/arm-none-eabi/6.3.1/../../../../arm-none-eabi/lib/thumb/v6-m\libc_nano.a(lib_a-fstatr.o)
                0x00002bf8                _fstat_r
 .text._isatty_r
                0x00002c1c       0x24 c:/program files (x86)/atmel/studio/7.0/toolchain/arm/arm-gnu-toolchain/bin/../lib/gcc/arm-none-eabi/6.3.1/../../../../arm-none-eabi/lib/thumb/v6-m\libc_nano.a(lib_a-isattyr.o)
                0x00002c1c                _isatty_r
 .text._lseek_r
                0x00002c40       0x28 c:/program files (x86)/atmel/studio/7.0/toolchain/arm/arm-gnu-toolchain/bin/../lib/gcc/arm-none-eabi/6.3.1/../../../../arm-none-eabi/lib/thumb/v6-m\libc_nano.a(lib_a-lseekr.o)
                0x00002c40                _lseek_r
 .text.memchr   0x00002c68       0x16 c:/program files (x86)/atmel/studio/7.0/toolchain/arm/arm-gnu-toolchain/bin/../lib/gcc/arm-none-eabi/6.3.1/../../../../arm-none-eabi/lib/thumb/v6-m\libc_nano.a(lib_a-memchr-stub.o)
                0x00002c68                memchr
 .text.__malloc_lock
                0x00002c7e        0x2 c:/program files (x86)/atmel/studio/7.0/toolchain/arm/arm-gnu-toolchain/bin/../lib/gcc/arm-none-eabi/6.3.1/../../../../arm-none-eabi/lib/thumb/v6-m\libc_nano.a(lib_a-mlock.o)
                0x00002c7e                __malloc_lock
 .text.__malloc_unlock
                0x00002c80        0x2 c:/program files (x86)/atmel/studio/7.0/toolchain/arm/arm-gnu-toolchain/bin/../lib/gcc/arm-none-eabi/6.3.1/../../../../arm-none-eabi/lib/thumb/v6-m\libc_nano.a(lib_a-mlock.o)
                0x00002c80                __malloc_unlock
 *fill*         0x00002c82        0x2 
 .text._read_r  0x00002c84       0x28 c:/program files (x86)/atmel/studio/7.0/toolchain/arm/arm-gnu-toolchain/bin/../lib/gcc/arm-none-eabi/6.3.1/../../../../arm-none-eabi/lib/thumb/v6-m\libc_nano.a(lib_a-readr.o)
                0x00002c84                _read_r
 *(.glue_7t)
 .glue_7t       0x00002cac        0x0 linker stubs
 *(.glue_7)
 .glue_7        0x00002cac        0x0 linker stubs
 *(.rodata .rodata* .gnu.linkonce.r.*)
 .rodata.str1.4
                0x00002cac       0x89 App/DcaApp.o
 *fill*         0x00002d35        0x3 
 .rodata.str1.4
                0x00002d38       0x19 DcaCore/Watchdog.o
 .rodata.str1.4
                0x00002d51       0x19 driver_init.o
 *fill*         0x00002d51        0x3 
 .rodata.str1.4
                0x00002d54       0x14 hal/src/hal_io.o
 .rodata.str1.4
                0x00002d68       0x1c hal/src/hal_spi_m_sync.o
 .rodata.str1.4
                0x00002d84       0x17 hal/src/hal_timer.o
 *fill*         0x00002d9b        0x1 
 .rodata.str1.4
                0x00002d9c       0x1c hal/src/hal_usart_sync.o
 .rodata.str1.4
                0x00002db8       0x1e hal/utils/src/utils_list.o
 *fill*         0x00002dd6        0x2 
 .rodata        0x00002dd8       0x10 hpl/eic/hpl_eic.o
 .rodata.str1.4
                0x00002de8       0x15 hpl/eic/hpl_eic.o
 *fill*         0x00002dfd        0x3 
 .rodata        0x00002e00       0x5e hpl/sercom/hpl_sercom.o
 *fill*         0x00002e5e        0x2 
 .rodata.str1.4
                0x00002e60       0x1b hpl/sercom/hpl_sercom.o
 *fill*         0x00002e7b        0x1 
 .rodata        0x00002e7c       0x28 hpl/tc/hpl_tc.o
 .rodata.str1.4
                0x00002ea4       0x13 hpl/tc/hpl_tc.o
 *fill*         0x00002eb7        0x1 
 .rodata.str1.4
                0x00002eb8       0x15 hpl/wdt/hpl_wdt.o
 *fill*         0x00002ecd        0x3 
 .rodata.str1.4
                0x00002ed0       0x10 main.o
                                  0xe (size before relaxing)
 .rodata._global_impure_ptr
                0x00002ee0        0x4 c:/program files (x86)/atmel/studio/7.0/toolchain/arm/arm-gnu-toolchain/bin/../lib/gcc/arm-none-eabi/6.3.1/../../../../arm-none-eabi/lib/thumb/v6-m\libc_nano.a(lib_a-impure.o)
                0x00002ee0                _global_impure_ptr
 .rodata.__sf_fake_stderr
                0x00002ee4       0x20 c:/program files (x86)/atmel/studio/7.0/toolchain/arm/arm-gnu-toolchain/bin/../lib/gcc/arm-none-eabi/6.3.1/../../../../arm-none-eabi/lib/thumb/v6-m\libc_nano.a(lib_a-findfp.o)
                0x00002ee4                __sf_fake_stderr
 .rodata.__sf_fake_stdin
                0x00002f04       0x20 c:/program files (x86)/atmel/studio/7.0/toolchain/arm/arm-gnu-toolchain/bin/../lib/gcc/arm-none-eabi/6.3.1/../../../../arm-none-eabi/lib/thumb/v6-m\libc_nano.a(lib_a-findfp.o)
                0x00002f04                __sf_fake_stdin
 .rodata.__sf_fake_stdout
                0x00002f24       0x20 c:/program files (x86)/atmel/studio/7.0/toolchain/arm/arm-gnu-toolchain/bin/../lib/gcc/arm-none-eabi/6.3.1/../../../../arm-none-eabi/lib/thumb/v6-m\libc_nano.a(lib_a-findfp.o)
                0x00002f24                __sf_fake_stdout
 .rodata._vfprintf_r.str1.1
                0x00002f44       0x11 c:/program files (x86)/atmel/studio/7.0/toolchain/arm/arm-gnu-toolchain/bin/../lib/gcc/arm-none-eabi/6.3.1/../../../../arm-none-eabi/lib/thumb/v6-m\libc_nano.a(lib_a-nano-vfprintf.o)
 .rodata._printf_i.str1.1
                0x00002f55       0x22 c:/program files (x86)/atmel/studio/7.0/toolchain/arm/arm-gnu-toolchain/bin/../lib/gcc/arm-none-eabi/6.3.1/../../../../arm-none-eabi/lib/thumb/v6-m\libc_nano.a(lib_a-nano-vfprintf_i.o)
 *(.ARM.extab* .gnu.linkonce.armextab.*)
                0x00002f78                . = ALIGN (0x4)
 *fill*         0x00002f77        0x1 
 *(.init)
 .init          0x00002f78        0x4 c:/program files (x86)/atmel/studio/7.0/toolchain/arm/arm-gnu-toolchain/bin/../lib/gcc/arm-none-eabi/6.3.1/thumb/v6-m/crti.o
                0x00002f78                _init
 .init          0x00002f7c        0x8 c:/program files (x86)/atmel/studio/7.0/toolchain/arm/arm-gnu-toolchain/bin/../lib/gcc/arm-none-eabi/6.3.1/thumb/v6-m/crtn.o
                0x00002f84                . = ALIGN (0x4)
                0x00002f84                __preinit_array_start = .
 *(.preinit_array)
                0x00002f84                __preinit_array_end = .
                0x00002f84                . = ALIGN (0x4)
                0x00002f84                __init_array_start = .
 *(SORT(.init_array.*))
 *(.init_array)
 .init_array    0x00002f84        0x4 c:/program files (x86)/atmel/studio/7.0/toolchain/arm/arm-gnu-toolchain/bin/../lib/gcc/arm-none-eabi/6.3.1/thumb/v6-m/crtbegin.o
                0x00002f88                __init_array_end = .
                0x00002f88                . = ALIGN (0x4)
 *crtbegin.o(.ctors)
 *(EXCLUDE_FILE(*crtend.o) .ctors)
 *(SORT(.ctors.*))
 *crtend.o(.ctors)
                0x00002f88                . = ALIGN (0x4)
 *(.fini)
 .fini          0x00002f88        0x4 c:/program files (x86)/atmel/studio/7.0/toolchain/arm/arm-gnu-toolchain/bin/../lib/gcc/arm-none-eabi/6.3.1/thumb/v6-m/crti.o
                0x00002f88                _fini
 .fini          0x00002f8c        0x8 c:/program files (x86)/atmel/studio/7.0/toolchain/arm/arm-gnu-toolchain/bin/../lib/gcc/arm-none-eabi/6.3.1/thumb/v6-m/crtn.o
                0x00002f94                . = ALIGN (0x4)
                0x00002f94                __fini_array_start = .
 *(.fini_array)
 .fini_array    0x00002f94        0x4 c:/program files (x86)/atmel/studio/7.0/toolchain/arm/arm-gnu-toolchain/bin/../lib/gcc/arm-none-eabi/6.3.1/thumb/v6-m/crtbegin.o
 *(SORT(.fini_array.*))
                0x00002f98                __fini_array_end = .
 *crtbegin.o(.dtors)
 *(EXCLUDE_FILE(*crtend.o) .dtors)
 *(SORT(.dtors.*))
 *crtend.o(.dtors)
                0x00002f98                . = ALIGN (0x4)
                0x00002f98                _efixed = .
                [!provide]                PROVIDE (__exidx_start, .)

.vfp11_veneer   0x00002f98        0x0
 .vfp11_veneer  0x00002f98        0x0 linker stubs

.v4_bx          0x00002f98        0x0
 .v4_bx         0x00002f98        0x0 linker stubs

.iplt           0x00002f98        0x0
 .iplt          0x00002f98        0x0 c:/program files (x86)/atmel/studio/7.0/toolchain/arm/arm-gnu-toolchain/bin/../lib/gcc/arm-none-eabi/6.3.1/thumb/v6-m/crtbegin.o

.eh_frame       0x00002f98        0x0
 .eh_frame      0x00002f98        0x0 c:/program files (x86)/atmel/studio/7.0/toolchain/arm/arm-gnu-toolchain/bin/../lib/gcc/arm-none-eabi/6.3.1/thumb/v6-m/crtbegin.o

.rel.dyn        0x00002f98        0x0
 .rel.iplt      0x00002f98        0x0 c:/program files (x86)/atmel/studio/7.0/toolchain/arm/arm-gnu-toolchain/bin/../lib/gcc/arm-none-eabi/6.3.1/thumb/v6-m/crtbegin.o

.jcr            0x00002f98        0x0
 .jcr           0x00002f98        0x0 c:/program files (x86)/atmel/studio/7.0/toolchain/arm/arm-gnu-toolchain/bin/../lib/gcc/arm-none-eabi/6.3.1/thumb/v6-m/crtbegin.o

.igot.plt       0x00002f98        0x0
 .igot.plt      0x00002f98        0x0 c:/program files (x86)/atmel/studio/7.0/toolchain/arm/arm-gnu-toolchain/bin/../lib/gcc/arm-none-eabi/6.3.1/thumb/v6-m/crtbegin.o

.ARM.exidx
 *(.ARM.exidx* .gnu.linkonce.armexidx.*)
                [!provide]                PROVIDE (__exidx_end, .)
                0x00002f98                . = ALIGN (0x4)
                0x00002f98                _etext = .

.relocate       0x20000000       0x64 load address 0x00002f98
                0x20000000                . = ALIGN (0x4)
                0x20000000                _srelocate = .
 *(.ramfunc .ramfunc.*)
 *(.data .data.*)
 .data._impure_ptr
                0x20000000        0x4 c:/program files (x86)/atmel/studio/7.0/toolchain/arm/arm-gnu-toolchain/bin/../lib/gcc/arm-none-eabi/6.3.1/../../../../arm-none-eabi/lib/thumb/v6-m\libc_nano.a(lib_a-impure.o)
                0x20000000                _impure_ptr
 .data.impure_data
                0x20000004       0x60 c:/program files (x86)/atmel/studio/7.0/toolchain/arm/arm-gnu-toolchain/bin/../lib/gcc/arm-none-eabi/6.3.1/../../../../arm-none-eabi/lib/thumb/v6-m\libc_nano.a(lib_a-impure.o)
                0x20000064                . = ALIGN (0x4)
                0x20000064                _erelocate = .

.bss            0x20000064       0xc8 load address 0x00002ffc
                0x20000064                . = ALIGN (0x4)
                0x20000064                _sbss = .
                0x20000064                _szero = .
 *(.bss .bss.*)
 .bss           0x20000064       0x1c c:/program files (x86)/atmel/studio/7.0/toolchain/arm/arm-gnu-toolchain/bin/../lib/gcc/arm-none-eabi/6.3.1/thumb/v6-m/crtbegin.o
 .bss           0x20000080        0x4 hal/src/hal_delay.o
 .bss           0x20000084       0x10 hal/src/hal_ext_irq.o
 .bss           0x20000094        0x4 hal/utils/src/utils_syscalls.o
 .bss           0x20000098        0x4 hpl/eic/hpl_eic.o
 .bss           0x2000009c        0x8 hpl/tc/hpl_tc.o
 .bss           0x200000a4        0x4 stdio_redirect/stdio_io.o
 .bss.__malloc_free_list
                0x200000a8        0x4 c:/program files (x86)/atmel/studio/7.0/toolchain/arm/arm-gnu-toolchain/bin/../lib/gcc/arm-none-eabi/6.3.1/../../../../arm-none-eabi/lib/thumb/v6-m\libc_nano.a(lib_a-nano-mallocr.o)
                0x200000a8                __malloc_free_list
 .bss.__malloc_sbrk_start
                0x200000ac        0x4 c:/program files (x86)/atmel/studio/7.0/toolchain/arm/arm-gnu-toolchain/bin/../lib/gcc/arm-none-eabi/6.3.1/../../../../arm-none-eabi/lib/thumb/v6-m\libc_nano.a(lib_a-nano-mallocr.o)
                0x200000ac                __malloc_sbrk_start
 *(COMMON)
 COMMON         0x200000b0       0x78 driver_init.o
                0x200000b0                ETHERNET_SPI
                0x200000c8                DEBUG_0
                0x200000d4                WDT_0
                0x200000d8                TICK_TIMER
                0x200000f4                WIRELESS_SPI
                0x2000010c                TIMER_0
 COMMON         0x20000128        0x4 c:/program files (x86)/atmel/studio/7.0/toolchain/arm/arm-gnu-toolchain/bin/../lib/gcc/arm-none-eabi/6.3.1/../../../../arm-none-eabi/lib/thumb/v6-m\libc_nano.a(lib_a-reent.o)
                0x20000128                errno
                0x2000012c                . = ALIGN (0x4)
                0x2000012c                _ebss = .
                0x2000012c                _ezero = .

.stack          0x2000012c     0x2004 load address 0x000030c4
                0x20000130                . = ALIGN (0x8)
 *fill*         0x2000012c        0x4 
                0x20000130                _sstack = .
                0x20002130                . = (. + STACK_SIZE)
 *fill*         0x20000130     0x2000 
                0x20002130                . = ALIGN (0x8)
                0x20002130                _estack = .
                0x20002130                . = ALIGN (0x4)
                0x20002130                _end = .
OUTPUT(DCA_Firmware.elf elf32-littlearm)

.ARM.attributes
                0x00000000       0x28
 .ARM.attributes
                0x00000000       0x1e c:/program files (x86)/atmel/studio/7.0/toolchain/arm/arm-gnu-toolchain/bin/../lib/gcc/arm-none-eabi/6.3.1/thumb/v6-m/crti.o
 .ARM.attributes
                0x0000001e       0x2c c:/program files (x86)/atmel/studio/7.0/toolchain/arm/arm-gnu-toolchain/bin/../lib/gcc/arm-none-eabi/6.3.1/thumb/v6-m/crtbegin.o
 .ARM.attributes
                0x0000004a       0x32 App/DcaApp.o
 .ARM.attributes
                0x0000007c       0x32 atmel_start.o
 .ARM.attributes
                0x000000ae       0x32 DcaCore/Watchdog.o
 .ARM.attributes
                0x000000e0       0x32 Device_Startup/startup_samd21.o
 .ARM.attributes
                0x00000112       0x32 driver_init.o
 .ARM.attributes
                0x00000144       0x32 hal/src/hal_delay.o
 .ARM.attributes
                0x00000176       0x32 hal/src/hal_ext_irq.o
 .ARM.attributes
                0x000001a8       0x32 hal/src/hal_io.o
 .ARM.attributes
                0x000001da       0x32 hal/src/hal_spi_m_sync.o
 .ARM.attributes
                0x0000020c       0x32 hal/src/hal_timer.o
 .ARM.attributes
                0x0000023e       0x32 hal/src/hal_usart_sync.o
 .ARM.attributes
                0x00000270       0x32 hal/utils/src/utils_assert.o
 .ARM.attributes
                0x000002a2       0x32 hal/utils/src/utils_list.o
 .ARM.attributes
                0x000002d4       0x32 hal/utils/src/utils_syscalls.o
 .ARM.attributes
                0x00000306       0x32 hpl/core/hpl_core_m0plus_base.o
 .ARM.attributes
                0x00000338       0x32 hpl/core/hpl_init.o
 .ARM.attributes
                0x0000036a       0x32 hpl/eic/hpl_eic.o
 .ARM.attributes
                0x0000039c       0x32 hpl/gclk/hpl_gclk.o
 .ARM.attributes
                0x000003ce       0x32 hpl/pm/hpl_pm.o
 .ARM.attributes
                0x00000400       0x32 hpl/sercom/hpl_sercom.o
 .ARM.attributes
                0x00000432       0x32 hpl/sysctrl/hpl_sysctrl.o
 .ARM.attributes
                0x00000464       0x32 hpl/systick/hpl_systick.o
 .ARM.attributes
                0x00000496       0x32 hpl/tc/hpl_tc.o
 .ARM.attributes
                0x000004c8       0x32 hpl/wdt/hpl_wdt.o
 .ARM.attributes
                0x000004fa       0x32 main.o
 .ARM.attributes
                0x0000052c       0x32 stdio_redirect/gcc/read.o
 .ARM.attributes
                0x0000055e       0x32 stdio_redirect/gcc/write.o
 .ARM.attributes
                0x00000590       0x32 stdio_redirect/stdio_io.o
 .ARM.attributes
                0x000005c2       0x32 stdio_start.o
 .ARM.attributes
                0x000005f4       0x1e c:/program files (x86)/atmel/studio/7.0/toolchain/arm/arm-gnu-toolchain/bin/../lib/gcc/arm-none-eabi/6.3.1/thumb/v6-m\libgcc.a(_udivsi3.o)
 .ARM.attributes
                0x00000612       0x1e c:/program files (x86)/atmel/studio/7.0/toolchain/arm/arm-gnu-toolchain/bin/../lib/gcc/arm-none-eabi/6.3.1/thumb/v6-m\libgcc.a(_dvmd_tls.o)
 .ARM.attributes
                0x00000630       0x2c c:/program files (x86)/atmel/studio/7.0/toolchain/arm/arm-gnu-toolchain/bin/../lib/gcc/arm-none-eabi/6.3.1/thumb/v6-m\libgcc.a(_muldi3.o)
 .ARM.attributes
                0x0000065c       0x2c c:/program files (x86)/atmel/studio/7.0/toolchain/arm/arm-gnu-toolchain/bin/../lib/gcc/arm-none-eabi/6.3.1/thumb/v6-m\libgcc.a(_ffssi2.o)
 .ARM.attributes
                0x00000688       0x1e c:/program files (x86)/atmel/studio/7.0/toolchain/arm/arm-gnu-toolchain/bin/../lib/gcc/arm-none-eabi/6.3.1/thumb/v6-m\libgcc.a(_ctzsi2.o)
 .ARM.attributes
                0x000006a6       0x2c c:/program files (x86)/atmel/studio/7.0/toolchain/arm/arm-gnu-toolchain/bin/../lib/gcc/arm-none-eabi/6.3.1/../../../../arm-none-eabi/lib/thumb/v6-m\libc_nano.a(lib_a-impure.o)
 .ARM.attributes
                0x000006d2       0x2c c:/program files (x86)/atmel/studio/7.0/toolchain/arm/arm-gnu-toolchain/bin/../lib/gcc/arm-none-eabi/6.3.1/../../../../arm-none-eabi/lib/thumb/v6-m\libc_nano.a(lib_a-init.o)
 .ARM.attributes
                0x000006fe       0x2c c:/program files (x86)/atmel/studio/7.0/toolchain/arm/arm-gnu-toolchain/bin/../lib/gcc/arm-none-eabi/6.3.1/../../../../arm-none-eabi/lib/thumb/v6-m\libc_nano.a(lib_a-memset.o)
 .ARM.attributes
                0x0000072a       0x2c c:/program files (x86)/atmel/studio/7.0/toolchain/arm/arm-gnu-toolchain/bin/../lib/gcc/arm-none-eabi/6.3.1/../../../../arm-none-eabi/lib/thumb/v6-m\libc_nano.a(lib_a-printf.o)
 .ARM.attributes
                0x00000756       0x2c c:/program files (x86)/atmel/studio/7.0/toolchain/arm/arm-gnu-toolchain/bin/../lib/gcc/arm-none-eabi/6.3.1/../../../../arm-none-eabi/lib/thumb/v6-m\libc_nano.a(lib_a-puts.o)
 .ARM.attributes
                0x00000782       0x2c c:/program files (x86)/atmel/studio/7.0/toolchain/arm/arm-gnu-toolchain/bin/../lib/gcc/arm-none-eabi/6.3.1/../../../../arm-none-eabi/lib/thumb/v6-m\libc_nano.a(lib_a-setbuf.o)
 .ARM.attributes
                0x000007ae       0x2c c:/program files (x86)/atmel/studio/7.0/toolchain/arm/arm-gnu-toolchain/bin/../lib/gcc/arm-none-eabi/6.3.1/../../../../arm-none-eabi/lib/thumb/v6-m\libc_nano.a(lib_a-setvbuf.o)
 .ARM.attributes
                0x000007da       0x2c c:/program files (x86)/atmel/studio/7.0/toolchain/arm/arm-gnu-toolchain/bin/../lib/gcc/arm-none-eabi/6.3.1/../../../../arm-none-eabi/lib/thumb/v6-m\libc_nano.a(lib_a-wbuf.o)
 .ARM.attributes
                0x00000806       0x2c c:/program files (x86)/atmel/studio/7.0/toolchain/arm/arm-gnu-toolchain/bin/../lib/gcc/arm-none-eabi/6.3.1/../../../../arm-none-eabi/lib/thumb/v6-m\libc_nano.a(lib_a-wsetup.o)
 .ARM.attributes
                0x00000832       0x2c c:/program files (x86)/atmel/studio/7.0/toolchain/arm/arm-gnu-toolchain/bin/../lib/gcc/arm-none-eabi/6.3.1/../../../../arm-none-eabi/lib/thumb/v6-m\libc_nano.a(lib_a-fflush.o)
 .ARM.attributes
                0x0000085e       0x2c c:/program files (x86)/atmel/studio/7.0/toolchain/arm/arm-gnu-toolchain/bin/../lib/gcc/arm-none-eabi/6.3.1/../../../../arm-none-eabi/lib/thumb/v6-m\libc_nano.a(lib_a-findfp.o)
 .ARM.attributes
                0x0000088a       0x2c c:/program files (x86)/atmel/studio/7.0/toolchain/arm/arm-gnu-toolchain/bin/../lib/gcc/arm-none-eabi/6.3.1/../../../../arm-none-eabi/lib/thumb/v6-m\libc_nano.a(lib_a-fwalk.o)
 .ARM.attributes
                0x000008b6       0x2c c:/program files (x86)/atmel/studio/7.0/toolchain/arm/arm-gnu-toolchain/bin/../lib/gcc/arm-none-eabi/6.3.1/../../../../arm-none-eabi/lib/thumb/v6-m\libc_nano.a(lib_a-makebuf.o)
 .ARM.attributes
                0x000008e2       0x2c c:/program files (x86)/atmel/studio/7.0/toolchain/arm/arm-gnu-toolchain/bin/../lib/gcc/arm-none-eabi/6.3.1/../../../../arm-none-eabi/lib/thumb/v6-m\libc_nano.a(lib_a-malloc.o)
 .ARM.attributes
                0x0000090e       0x2c c:/program files (x86)/atmel/studio/7.0/toolchain/arm/arm-gnu-toolchain/bin/../lib/gcc/arm-none-eabi/6.3.1/../../../../arm-none-eabi/lib/thumb/v6-m\libc_nano.a(lib_a-nano-freer.o)
 .ARM.attributes
                0x0000093a       0x2c c:/program files (x86)/atmel/studio/7.0/toolchain/arm/arm-gnu-toolchain/bin/../lib/gcc/arm-none-eabi/6.3.1/../../../../arm-none-eabi/lib/thumb/v6-m\libc_nano.a(lib_a-nano-mallocr.o)
 .ARM.attributes
                0x00000966       0x2c c:/program files (x86)/atmel/studio/7.0/toolchain/arm/arm-gnu-toolchain/bin/../lib/gcc/arm-none-eabi/6.3.1/../../../../arm-none-eabi/lib/thumb/v6-m\libc_nano.a(lib_a-nano-vfprintf.o)
 .ARM.attributes
                0x00000992       0x2c c:/program files (x86)/atmel/studio/7.0/toolchain/arm/arm-gnu-toolchain/bin/../lib/gcc/arm-none-eabi/6.3.1/../../../../arm-none-eabi/lib/thumb/v6-m\libc_nano.a(lib_a-nano-vfprintf_i.o)
 .ARM.attributes
                0x000009be       0x2c c:/program files (x86)/atmel/studio/7.0/toolchain/arm/arm-gnu-toolchain/bin/../lib/gcc/arm-none-eabi/6.3.1/../../../../arm-none-eabi/lib/thumb/v6-m\libc_nano.a(lib_a-reent.o)
 .ARM.attributes
                0x000009ea       0x2c c:/program files (x86)/atmel/studio/7.0/toolchain/arm/arm-gnu-toolchain/bin/../lib/gcc/arm-none-eabi/6.3.1/../../../../arm-none-eabi/lib/thumb/v6-m\libc_nano.a(lib_a-sbrkr.o)
 .ARM.attributes
                0x00000a16       0x2c c:/program files (x86)/atmel/studio/7.0/toolchain/arm/arm-gnu-toolchain/bin/../lib/gcc/arm-none-eabi/6.3.1/../../../../arm-none-eabi/lib/thumb/v6-m\libc_nano.a(lib_a-stdio.o)
 .ARM.attributes
                0x00000a42       0x2c c:/program files (x86)/atmel/studio/7.0/toolchain/arm/arm-gnu-toolchain/bin/../lib/gcc/arm-none-eabi/6.3.1/../../../../arm-none-eabi/lib/thumb/v6-m\libc_nano.a(lib_a-writer.o)
 .ARM.attributes
                0x00000a6e       0x2c c:/program files (x86)/atmel/studio/7.0/toolchain/arm/arm-gnu-toolchain/bin/../lib/gcc/arm-none-eabi/6.3.1/../../../../arm-none-eabi/lib/thumb/v6-m\libc_nano.a(lib_a-closer.o)
 .ARM.attributes
                0x00000a9a       0x2c c:/program files (x86)/atmel/studio/7.0/toolchain/arm/arm-gnu-toolchain/bin/../lib/gcc/arm-none-eabi/6.3.1/../../../../arm-none-eabi/lib/thumb/v6-m\libc_nano.a(lib_a-fstatr.o)
 .ARM.attributes
                0x00000ac6       0x2c c:/program files (x86)/atmel/studio/7.0/toolchain/arm/arm-gnu-toolchain/bin/../lib/gcc/arm-none-eabi/6.3.1/../../../../arm-none-eabi/lib/thumb/v6-m\libc_nano.a(lib_a-isattyr.o)
 .ARM.attributes
                0x00000af2       0x2c c:/program files (x86)/atmel/studio/7.0/toolchain/arm/arm-gnu-toolchain/bin/../lib/gcc/arm-none-eabi/6.3.1/../../../../arm-none-eabi/lib/thumb/v6-m\libc_nano.a(lib_a-lseekr.o)
 .ARM.attributes
                0x00000b1e       0x2c c:/program files (x86)/atmel/studio/7.0/toolchain/arm/arm-gnu-toolchain/bin/../lib/gcc/arm-none-eabi/6.3.1/../../../../arm-none-eabi/lib/thumb/v6-m\libc_nano.a(lib_a-memchr-stub.o)
 .ARM.attributes
                0x00000b4a       0x2c c:/program files (x86)/atmel/studio/7.0/toolchain/arm/arm-gnu-toolchain/bin/../lib/gcc/arm-none-eabi/6.3.1/../../../../arm-none-eabi/lib/thumb/v6-m\libc_nano.a(lib_a-mlock.o)
 .ARM.attributes
                0x00000b76       0x2c c:/program files (x86)/atmel/studio/7.0/toolchain/arm/arm-gnu-toolchain/bin/../lib/gcc/arm-none-eabi/6.3.1/../../../../arm-none-eabi/lib/thumb/v6-m\libc_nano.a(lib_a-readr.o)
 .ARM.attributes
                0x00000ba2       0x1e c:/program files (x86)/atmel/studio/7.0/toolchain/arm/arm-gnu-toolchain/bin/../lib/gcc/arm-none-eabi/6.3.1/thumb/v6-m/crtn.o

.comment        0x00000000       0x59
 .comment       0x00000000       0x59 App/DcaApp.o
                                 0x5a (size before relaxing)
 .comment       0x00000059       0x5a atmel_start.o
 .comment       0x00000059       0x5a DcaCore/Watchdog.o
 .comment       0x00000059       0x5a Device_Startup/startup_samd21.o
 .comment       0x00000059       0x5a driver_init.o
 .comment       0x00000059       0x5a hal/src/hal_delay.o
 .comment       0x00000059       0x5a hal/src/hal_ext_irq.o
 .comment       0x00000059       0x5a hal/src/hal_io.o
 .comment       0x00000059       0x5a hal/src/hal_spi_m_sync.o
 .comment       0x00000059       0x5a hal/src/hal_timer.o
 .comment       0x00000059       0x5a hal/src/hal_usart_sync.o
 .comment       0x00000059       0x5a hal/utils/src/utils_assert.o
 .comment       0x00000059       0x5a hal/utils/src/utils_list.o
 .comment       0x00000059       0x5a hal/utils/src/utils_syscalls.o
 .comment       0x00000059       0x5a hpl/core/hpl_core_m0plus_base.o
 .comment       0x00000059       0x5a hpl/core/hpl_init.o
 .comment       0x00000059       0x5a hpl/eic/hpl_eic.o
 .comment       0x00000059       0x5a hpl/gclk/hpl_gclk.o
 .comment       0x00000059       0x5a hpl/pm/hpl_pm.o
 .comment       0x00000059       0x5a hpl/sercom/hpl_sercom.o
 .comment       0x00000059       0x5a hpl/sysctrl/hpl_sysctrl.o
 .comment       0x00000059       0x5a hpl/systick/hpl_systick.o
 .comment       0x00000059       0x5a hpl/tc/hpl_tc.o
 .comment       0x00000059       0x5a hpl/wdt/hpl_wdt.o
 .comment       0x00000059       0x5a main.o
 .comment       0x00000059       0x5a stdio_redirect/gcc/read.o
 .comment       0x00000059       0x5a stdio_redirect/gcc/write.o
 .comment       0x00000059       0x5a stdio_redirect/stdio_io.o
 .comment       0x00000059       0x5a stdio_start.o

.debug_info     0x00000000    0x2c04b
 .debug_info    0x00000000      0xe96 App/DcaApp.o
 .debug_info    0x00000e96     0x1063 atmel_start.o
 .debug_info    0x00001ef9      0x5e0 DcaCore/Watchdog.o
 .debug_info    0x000024d9     0x3a2c Device_Startup/startup_samd21.o
 .debug_info    0x00005f05     0xaafe driver_init.o
 .debug_info    0x00010a03      0x1dc hal/src/hal_delay.o
 .debug_info    0x00010bdf      0x366 hal/src/hal_ext_irq.o
 .debug_info    0x00010f45      0x2b2 hal/src/hal_io.o
 .debug_info    0x000111f7      0x9c9 hal/src/hal_spi_m_sync.o
 .debug_info    0x00011bc0      0xb91 hal/src/hal_timer.o
 .debug_info    0x00012751      0xc56 hal/src/hal_usart_sync.o
 .debug_info    0x000133a7      0x107 hal/utils/src/utils_assert.o
 .debug_info    0x000134ae      0x314 hal/utils/src/utils_list.o
 .debug_info    0x000137c2      0xdca hal/utils/src/utils_syscalls.o
 .debug_info    0x0001458c      0x80d hpl/core/hpl_core_m0plus_base.o
 .debug_info    0x00014d99      0x677 hpl/core/hpl_init.o
 .debug_info    0x00015410     0x1fbb hpl/eic/hpl_eic.o
 .debug_info    0x000173cb      0x679 hpl/gclk/hpl_gclk.o
 .debug_info    0x00017a44      0xc6d hpl/pm/hpl_pm.o
 .debug_info    0x000186b1     0xb282 hpl/sercom/hpl_sercom.o
 .debug_info    0x00023933     0x14d2 hpl/sysctrl/hpl_sysctrl.o
 .debug_info    0x00024e05      0x25e hpl/systick/hpl_systick.o
 .debug_info    0x00025063     0x21ca hpl/tc/hpl_tc.o
 .debug_info    0x0002722d      0xc7b hpl/wdt/hpl_wdt.o
 .debug_info    0x00027ea8     0x10a5 main.o
 .debug_info    0x00028f4d      0xa34 stdio_redirect/gcc/read.o
 .debug_info    0x00029981      0xa34 stdio_redirect/gcc/write.o
 .debug_info    0x0002a3b5      0xbe2 stdio_redirect/stdio_io.o
 .debug_info    0x0002af97     0x10b4 stdio_start.o

.debug_abbrev   0x00000000     0x4034
 .debug_abbrev  0x00000000      0x1e2 App/DcaApp.o
 .debug_abbrev  0x000001e2      0x1eb atmel_start.o
 .debug_abbrev  0x000003cd      0x183 DcaCore/Watchdog.o
 .debug_abbrev  0x00000550      0x227 Device_Startup/startup_samd21.o
 .debug_abbrev  0x00000777      0x3ad driver_init.o
 .debug_abbrev  0x00000b24       0xe1 hal/src/hal_delay.o
 .debug_abbrev  0x00000c05      0x16c hal/src/hal_ext_irq.o
 .debug_abbrev  0x00000d71      0x115 hal/src/hal_io.o
 .debug_abbrev  0x00000e86      0x1b1 hal/src/hal_spi_m_sync.o
 .debug_abbrev  0x00001037      0x221 hal/src/hal_timer.o
 .debug_abbrev  0x00001258      0x217 hal/src/hal_usart_sync.o
 .debug_abbrev  0x0000146f       0x86 hal/utils/src/utils_assert.o
 .debug_abbrev  0x000014f5      0x152 hal/utils/src/utils_list.o
 .debug_abbrev  0x00001647      0x269 hal/utils/src/utils_syscalls.o
 .debug_abbrev  0x000018b0      0x2a8 hpl/core/hpl_core_m0plus_base.o
 .debug_abbrev  0x00001b58      0x1cc hpl/core/hpl_init.o
 .debug_abbrev  0x00001d24      0x3f4 hpl/eic/hpl_eic.o
 .debug_abbrev  0x00002118      0x1c3 hpl/gclk/hpl_gclk.o
 .debug_abbrev  0x000022db      0x211 hpl/pm/hpl_pm.o
 .debug_abbrev  0x000024ec      0x593 hpl/sercom/hpl_sercom.o
 .debug_abbrev  0x00002a7f      0x20c hpl/sysctrl/hpl_sysctrl.o
 .debug_abbrev  0x00002c8b      0x172 hpl/systick/hpl_systick.o
 .debug_abbrev  0x00002dfd      0x4da hpl/tc/hpl_tc.o
 .debug_abbrev  0x000032d7      0x330 hpl/wdt/hpl_wdt.o
 .debug_abbrev  0x00003607      0x21b main.o
 .debug_abbrev  0x00003822      0x1e8 stdio_redirect/gcc/read.o
 .debug_abbrev  0x00003a0a      0x1e8 stdio_redirect/gcc/write.o
 .debug_abbrev  0x00003bf2      0x229 stdio_redirect/stdio_io.o
 .debug_abbrev  0x00003e1b      0x219 stdio_start.o

.debug_loc      0x00000000     0xe241
 .debug_loc     0x00000000       0x40 App/DcaApp.o
 .debug_loc     0x00000040       0x20 atmel_start.o
 .debug_loc     0x00000060       0x88 DcaCore/Watchdog.o
 .debug_loc     0x000000e8       0x78 Device_Startup/startup_samd21.o
 .debug_loc     0x00000160     0x1d1a driver_init.o
 .debug_loc     0x00001e7a       0xc3 hal/src/hal_delay.o
 .debug_loc     0x00001f3d      0x3bd hal/src/hal_ext_irq.o
 .debug_loc     0x000022fa      0x1b6 hal/src/hal_io.o
 .debug_loc     0x000024b0      0x728 hal/src/hal_spi_m_sync.o
 .debug_loc     0x00002bd8      0x767 hal/src/hal_timer.o
 .debug_loc     0x0000333f      0xa26 hal/src/hal_usart_sync.o
 .debug_loc     0x00003d65      0x213 hal/utils/src/utils_list.o
 .debug_loc     0x00003f78      0x13b hal/utils/src/utils_syscalls.o
 .debug_loc     0x000040b3      0x28f hpl/core/hpl_core_m0plus_base.o
 .debug_loc     0x00004342       0x4c hpl/core/hpl_init.o
 .debug_loc     0x0000438e      0x564 hpl/eic/hpl_eic.o
 .debug_loc     0x000048f2      0x27a hpl/gclk/hpl_gclk.o
 .debug_loc     0x00004b6c      0x11b hpl/pm/hpl_pm.o
 .debug_loc     0x00004c87     0x7d74 hpl/sercom/hpl_sercom.o
 .debug_loc     0x0000c9fb      0x1a1 hpl/sysctrl/hpl_sysctrl.o
 .debug_loc     0x0000cb9c       0xf9 hpl/systick/hpl_systick.o
 .debug_loc     0x0000cc95      0x90d hpl/tc/hpl_tc.o
 .debug_loc     0x0000d5a2      0x8fc hpl/wdt/hpl_wdt.o
 .debug_loc     0x0000de9e       0x20 main.o
 .debug_loc     0x0000debe       0xfe stdio_redirect/gcc/read.o
 .debug_loc     0x0000dfbc       0xf2 stdio_redirect/gcc/write.o
 .debug_loc     0x0000e0ae      0x153 stdio_redirect/stdio_io.o
 .debug_loc     0x0000e201       0x40 stdio_start.o

.debug_aranges  0x00000000      0xc90
 .debug_aranges
                0x00000000       0x28 App/DcaApp.o
 .debug_aranges
                0x00000028       0x20 atmel_start.o
 .debug_aranges
                0x00000048       0x28 DcaCore/Watchdog.o
 .debug_aranges
                0x00000070       0x28 Device_Startup/startup_samd21.o
 .debug_aranges
                0x00000098       0x98 driver_init.o
 .debug_aranges
                0x00000130       0x38 hal/src/hal_delay.o
 .debug_aranges
                0x00000168       0x50 hal/src/hal_ext_irq.o
 .debug_aranges
                0x000001b8       0x30 hal/src/hal_io.o
 .debug_aranges
                0x000001e8       0x88 hal/src/hal_spi_m_sync.o
 .debug_aranges
                0x00000270       0x70 hal/src/hal_timer.o
 .debug_aranges
                0x000002e0       0xa8 hal/src/hal_usart_sync.o
 .debug_aranges
                0x00000388       0x20 hal/utils/src/utils_assert.o
 .debug_aranges
                0x000003a8       0x48 hal/utils/src/utils_list.o
 .debug_aranges
                0x000003f0       0x60 hal/utils/src/utils_syscalls.o
 .debug_aranges
                0x00000450       0x70 hpl/core/hpl_core_m0plus_base.o
 .debug_aranges
                0x000004c0       0x20 hpl/core/hpl_init.o
 .debug_aranges
                0x000004e0       0x38 hpl/eic/hpl_eic.o
 .debug_aranges
                0x00000518       0x28 hpl/gclk/hpl_gclk.o
 .debug_aranges
                0x00000540       0x30 hpl/pm/hpl_pm.o
 .debug_aranges
                0x00000570      0x508 hpl/sercom/hpl_sercom.o
 .debug_aranges
                0x00000a78       0x28 hpl/sysctrl/hpl_sysctrl.o
 .debug_aranges
                0x00000aa0       0x48 hpl/systick/hpl_systick.o
 .debug_aranges
                0x00000ae8       0x98 hpl/tc/hpl_tc.o
 .debug_aranges
                0x00000b80       0x50 hpl/wdt/hpl_wdt.o
 .debug_aranges
                0x00000bd0       0x20 main.o
 .debug_aranges
                0x00000bf0       0x20 stdio_redirect/gcc/read.o
 .debug_aranges
                0x00000c10       0x20 stdio_redirect/gcc/write.o
 .debug_aranges
                0x00000c30       0x38 stdio_redirect/stdio_io.o
 .debug_aranges
                0x00000c68       0x28 stdio_start.o

.debug_ranges   0x00000000      0xd08
 .debug_ranges  0x00000000       0x18 App/DcaApp.o
 .debug_ranges  0x00000018       0x10 atmel_start.o
 .debug_ranges  0x00000028       0x60 DcaCore/Watchdog.o
 .debug_ranges  0x00000088       0x18 Device_Startup/startup_samd21.o
 .debug_ranges  0x000000a0       0x88 driver_init.o
 .debug_ranges  0x00000128       0x28 hal/src/hal_delay.o
 .debug_ranges  0x00000150       0x40 hal/src/hal_ext_irq.o
 .debug_ranges  0x00000190       0x20 hal/src/hal_io.o
 .debug_ranges  0x000001b0       0x78 hal/src/hal_spi_m_sync.o
 .debug_ranges  0x00000228       0x90 hal/src/hal_timer.o
 .debug_ranges  0x000002b8       0x98 hal/src/hal_usart_sync.o
 .debug_ranges  0x00000350       0x10 hal/utils/src/utils_assert.o
 .debug_ranges  0x00000360       0x38 hal/utils/src/utils_list.o
 .debug_ranges  0x00000398       0x50 hal/utils/src/utils_syscalls.o
 .debug_ranges  0x000003e8       0x60 hpl/core/hpl_core_m0plus_base.o
 .debug_ranges  0x00000448       0x10 hpl/core/hpl_init.o
 .debug_ranges  0x00000458       0x40 hpl/eic/hpl_eic.o
 .debug_ranges  0x00000498       0x18 hpl/gclk/hpl_gclk.o
 .debug_ranges  0x000004b0       0x20 hpl/pm/hpl_pm.o
 .debug_ranges  0x000004d0      0x6b0 hpl/sercom/hpl_sercom.o
 .debug_ranges  0x00000b80       0x18 hpl/sysctrl/hpl_sysctrl.o
 .debug_ranges  0x00000b98       0x38 hpl/systick/hpl_systick.o
 .debug_ranges  0x00000bd0       0x88 hpl/tc/hpl_tc.o
 .debug_ranges  0x00000c58       0x40 hpl/wdt/hpl_wdt.o
 .debug_ranges  0x00000c98       0x10 main.o
 .debug_ranges  0x00000ca8       0x10 stdio_redirect/gcc/read.o
 .debug_ranges  0x00000cb8       0x10 stdio_redirect/gcc/write.o
 .debug_ranges  0x00000cc8       0x28 stdio_redirect/stdio_io.o
 .debug_ranges  0x00000cf0       0x18 stdio_start.o

.debug_macro    0x00000000    0x1e19a
 .debug_macro   0x00000000      0x792 App/DcaApp.o
 .debug_macro   0x00000792      0x89e App/DcaApp.o
 .debug_macro   0x00001030       0x22 App/DcaApp.o
 .debug_macro   0x00001052       0x52 App/DcaApp.o
 .debug_macro   0x000010a4       0x8d App/DcaApp.o
 .debug_macro   0x00001131       0x35 App/DcaApp.o
 .debug_macro   0x00001166       0x9c App/DcaApp.o
 .debug_macro   0x00001202       0x16 App/DcaApp.o
 .debug_macro   0x00001218       0x57 App/DcaApp.o
 .debug_macro   0x0000126f       0x97 App/DcaApp.o
 .debug_macro   0x00001306      0x353 App/DcaApp.o
 .debug_macro   0x00001659       0xf6 App/DcaApp.o
 .debug_macro   0x0000174f       0x10 App/DcaApp.o
 .debug_macro   0x0000175f       0x58 App/DcaApp.o
 .debug_macro   0x000017b7       0x1f App/DcaApp.o
 .debug_macro   0x000017d6       0x43 App/DcaApp.o
 .debug_macro   0x00001819       0x20 App/DcaApp.o
 .debug_macro   0x00001839      0x187 App/DcaApp.o
 .debug_macro   0x000019c0       0x10 App/DcaApp.o
 .debug_macro   0x000019d0       0x6a App/DcaApp.o
 .debug_macro   0x00001a3a       0x1c App/DcaApp.o
 .debug_macro   0x00001a56       0x52 App/DcaApp.o
 .debug_macro   0x00001aa8       0x40 App/DcaApp.o
 .debug_macro   0x00001ae8       0x10 App/DcaApp.o
 .debug_macro   0x00001af8       0x40 App/DcaApp.o
 .debug_macro   0x00001b38       0xd7 App/DcaApp.o
 .debug_macro   0x00001c0f       0x16 App/DcaApp.o
 .debug_macro   0x00001c25      0x18b App/DcaApp.o
 .debug_macro   0x00001db0       0x16 App/DcaApp.o
 .debug_macro   0x00001dc6       0x35 App/DcaApp.o
 .debug_macro   0x00001dfb       0x16 App/DcaApp.o
 .debug_macro   0x00001e11       0x16 App/DcaApp.o
 .debug_macro   0x00001e27       0x29 App/DcaApp.o
 .debug_macro   0x00001e50       0xef App/DcaApp.o
 .debug_macro   0x00001f3f      0x1df App/DcaApp.o
 .debug_macro   0x0000211e       0x22 App/DcaApp.o
 .debug_macro   0x00002140       0x3f App/DcaApp.o
 .debug_macro   0x0000217f       0x1c App/DcaApp.o
 .debug_macro   0x0000219b       0x22 App/DcaApp.o
 .debug_macro   0x000021bd       0xaf App/DcaApp.o
 .debug_macro   0x0000226c      0x3ad App/DcaApp.o
 .debug_macro   0x00002619      0x67e App/DcaApp.o
 .debug_macro   0x00002c97      0x8b1 App/DcaApp.o
 .debug_macro   0x00003548      0x22e App/DcaApp.o
 .debug_macro   0x00003776      0xd5c App/DcaApp.o
 .debug_macro   0x000044d2      0x4dc App/DcaApp.o
 .debug_macro   0x000049ae      0x9f6 App/DcaApp.o
 .debug_macro   0x000053a4      0x82b App/DcaApp.o
 .debug_macro   0x00005bcf      0x45f App/DcaApp.o
 .debug_macro   0x0000602e       0x5e App/DcaApp.o
 .debug_macro   0x0000608c      0x8f9 App/DcaApp.o
 .debug_macro   0x00006985      0x21c App/DcaApp.o
 .debug_macro   0x00006ba1      0x735 App/DcaApp.o
 .debug_macro   0x000072d6       0x5e App/DcaApp.o
 .debug_macro   0x00007334      0x632 App/DcaApp.o
 .debug_macro   0x00007966      0x3ac App/DcaApp.o
 .debug_macro   0x00007d12      0xc76 App/DcaApp.o
 .debug_macro   0x00008988     0x1092 App/DcaApp.o
 .debug_macro   0x00009a1a      0xc4a App/DcaApp.o
 .debug_macro   0x0000a664      0x6ba App/DcaApp.o
 .debug_macro   0x0000ad1e     0x1b3d App/DcaApp.o
 .debug_macro   0x0000c85b     0x143c App/DcaApp.o
 .debug_macro   0x0000dc97      0x340 App/DcaApp.o
 .debug_macro   0x0000dfd7       0x7c App/DcaApp.o
 .debug_macro   0x0000e053       0xa0 App/DcaApp.o
 .debug_macro   0x0000e0f3       0x4c App/DcaApp.o
 .debug_macro   0x0000e13f       0xca App/DcaApp.o
 .debug_macro   0x0000e209       0x94 App/DcaApp.o
 .debug_macro   0x0000e29d       0x58 App/DcaApp.o
 .debug_macro   0x0000e2f5      0x341 App/DcaApp.o
 .debug_macro   0x0000e636       0x82 App/DcaApp.o
 .debug_macro   0x0000e6b8      0x189 App/DcaApp.o
 .debug_macro   0x0000e841       0xb8 App/DcaApp.o
 .debug_macro   0x0000e8f9       0xa0 App/DcaApp.o
 .debug_macro   0x0000e999       0xb2 App/DcaApp.o
 .debug_macro   0x0000ea4b       0x1c App/DcaApp.o
 .debug_macro   0x0000ea67       0x1c App/DcaApp.o
 .debug_macro   0x0000ea83       0x1c App/DcaApp.o
 .debug_macro   0x0000ea9f       0x7c App/DcaApp.o
 .debug_macro   0x0000eb1b      0x15a App/DcaApp.o
 .debug_macro   0x0000ec75       0x10 App/DcaApp.o
 .debug_macro   0x0000ec85       0xdc App/DcaApp.o
 .debug_macro   0x0000ed61      0x124 App/DcaApp.o
 .debug_macro   0x0000ee85      0x124 App/DcaApp.o
 .debug_macro   0x0000efa9      0x124 App/DcaApp.o
 .debug_macro   0x0000f0cd      0x124 App/DcaApp.o
 .debug_macro   0x0000f1f1      0x124 App/DcaApp.o
 .debug_macro   0x0000f315      0x124 App/DcaApp.o
 .debug_macro   0x0000f439      0x124 App/DcaApp.o
 .debug_macro   0x0000f55d       0xe2 App/DcaApp.o
 .debug_macro   0x0000f63f       0xe2 App/DcaApp.o
 .debug_macro   0x0000f721       0xe2 App/DcaApp.o
 .debug_macro   0x0000f803       0xe2 App/DcaApp.o
 .debug_macro   0x0000f8e5       0xe2 App/DcaApp.o
 .debug_macro   0x0000f9c7      0x12a App/DcaApp.o
 .debug_macro   0x0000faf1      0x100 App/DcaApp.o
 .debug_macro   0x0000fbf1       0xf4 App/DcaApp.o
 .debug_macro   0x0000fce5      0x40f App/DcaApp.o
 .debug_macro   0x000100f4       0x40 App/DcaApp.o
 .debug_macro   0x00010134      0x392 App/DcaApp.o
 .debug_macro   0x000104c6     0x1fb0 App/DcaApp.o
 .debug_macro   0x00012476       0x6d App/DcaApp.o
 .debug_macro   0x000124e3       0x10 App/DcaApp.o
 .debug_macro   0x000124f3       0x10 App/DcaApp.o
 .debug_macro   0x00012503       0x16 App/DcaApp.o
 .debug_macro   0x00012519       0x16 App/DcaApp.o
 .debug_macro   0x0001252f       0x16 App/DcaApp.o
 .debug_macro   0x00012545       0x16 App/DcaApp.o
 .debug_macro   0x0001255b       0x16 App/DcaApp.o
 .debug_macro   0x00012571       0x16 App/DcaApp.o
 .debug_macro   0x00012587       0x16 App/DcaApp.o
 .debug_macro   0x0001259d       0x16 App/DcaApp.o
 .debug_macro   0x000125b3       0x16 App/DcaApp.o
 .debug_macro   0x000125c9       0x16 App/DcaApp.o
 .debug_macro   0x000125df       0x16 App/DcaApp.o
 .debug_macro   0x000125f5       0x16 App/DcaApp.o
 .debug_macro   0x0001260b       0x16 App/DcaApp.o
 .debug_macro   0x00012621       0x16 App/DcaApp.o
 .debug_macro   0x00012637      0x4c3 App/DcaApp.o
 .debug_macro   0x00012afa       0x94 App/DcaApp.o
 .debug_macro   0x00012b8e       0x16 App/DcaApp.o
 .debug_macro   0x00012ba4       0x6a App/DcaApp.o
 .debug_macro   0x00012c0e      0x28c App/DcaApp.o
 .debug_macro   0x00012e9a      0x4d8 App/DcaApp.o
 .debug_macro   0x00013372       0x16 App/DcaApp.o
 .debug_macro   0x00013388       0xca App/DcaApp.o
 .debug_macro   0x00013452       0x1c App/DcaApp.o
 .debug_macro   0x0001346e       0x16 App/DcaApp.o
 .debug_macro   0x00013484       0x8e App/DcaApp.o
 .debug_macro   0x00013512       0xc9 App/DcaApp.o
 .debug_macro   0x000135db       0x1c App/DcaApp.o
 .debug_macro   0x000135f7       0x10 App/DcaApp.o
 .debug_macro   0x00013607       0x10 App/DcaApp.o
 .debug_macro   0x00013617      0x83f atmel_start.o
 .debug_macro   0x00013e56      0x16d atmel_start.o
 .debug_macro   0x00013fc3       0x87 atmel_start.o
 .debug_macro   0x0001404a       0x51 atmel_start.o
 .debug_macro   0x0001409b       0xb5 atmel_start.o
 .debug_macro   0x00014150       0x58 atmel_start.o
 .debug_macro   0x000141a8      0x34d atmel_start.o
 .debug_macro   0x000144f5       0x16 atmel_start.o
 .debug_macro   0x0001450b       0x10 atmel_start.o
 .debug_macro   0x0001451b       0x41 atmel_start.o
 .debug_macro   0x0001455c       0x16 atmel_start.o
 .debug_macro   0x00014572       0x28 atmel_start.o
 .debug_macro   0x0001459a       0x16 atmel_start.o
 .debug_macro   0x000145b0       0x6a atmel_start.o
 .debug_macro   0x0001461a       0x10 atmel_start.o
 .debug_macro   0x0001462a       0x10 atmel_start.o
 .debug_macro   0x0001463a       0x2e atmel_start.o
 .debug_macro   0x00014668       0x34 atmel_start.o
 .debug_macro   0x0001469c       0x37 atmel_start.o
 .debug_macro   0x000146d3       0x34 atmel_start.o
 .debug_macro   0x00014707       0x10 atmel_start.o
 .debug_macro   0x00014717      0x5e2 DcaCore/Watchdog.o
 .debug_macro   0x00014cf9      0x310 Device_Startup/startup_samd21.o
 .debug_macro   0x00015009       0x39 Device_Startup/startup_samd21.o
 .debug_macro   0x00015042      0x5b8 driver_init.o
 .debug_macro   0x000155fa       0x96 driver_init.o
 .debug_macro   0x00015690      0x470 hal/src/hal_delay.o
 .debug_macro   0x00015b00      0x458 hal/src/hal_ext_irq.o
 .debug_macro   0x00015f58      0x451 hal/src/hal_io.o
 .debug_macro   0x000163a9      0x494 hal/src/hal_spi_m_sync.o
 .debug_macro   0x0001683d      0x484 hal/src/hal_timer.o
 .debug_macro   0x00016cc1      0x478 hal/src/hal_usart_sync.o
 .debug_macro   0x00017139      0x447 hal/utils/src/utils_assert.o
 .debug_macro   0x00017580       0x10 hal/utils/src/utils_assert.o
 .debug_macro   0x00017590      0x44b hal/utils/src/utils_list.o
 .debug_macro   0x000179db      0x1d6 hal/utils/src/utils_syscalls.o
 .debug_macro   0x00017bb1       0x4c hal/utils/src/utils_syscalls.o
 .debug_macro   0x00017bfd       0x10 hal/utils/src/utils_syscalls.o
 .debug_macro   0x00017c0d       0x35 hal/utils/src/utils_syscalls.o
 .debug_macro   0x00017c42      0x122 hal/utils/src/utils_syscalls.o
 .debug_macro   0x00017d64      0x495 hpl/core/hpl_core_m0plus_base.o
 .debug_macro   0x000181f9      0x4b8 hpl/core/hpl_init.o
 .debug_macro   0x000186b1       0x2e hpl/core/hpl_init.o
 .debug_macro   0x000186df      0x6ec hpl/core/hpl_init.o
 .debug_macro   0x00018dcb      0x522 hpl/eic/hpl_eic.o
 .debug_macro   0x000192ed      0x241 hpl/eic/hpl_eic.o
 .debug_macro   0x0001952e      0x45a hpl/gclk/hpl_gclk.o
 .debug_macro   0x00019988      0x1f3 hpl/gclk/hpl_gclk.o
 .debug_macro   0x00019b7b      0x47d hpl/pm/hpl_pm.o
 .debug_macro   0x00019ff8      0x678 hpl/sercom/hpl_sercom.o
 .debug_macro   0x0001a670       0x70 hpl/sercom/hpl_sercom.o
 .debug_macro   0x0001a6e0      0x1f9 hpl/sercom/hpl_sercom.o
 .debug_macro   0x0001a8d9       0x10 hpl/sercom/hpl_sercom.o
 .debug_macro   0x0001a8e9       0x1c hpl/sercom/hpl_sercom.o
 .debug_macro   0x0001a905       0x22 hpl/sercom/hpl_sercom.o
 .debug_macro   0x0001a927       0x10 hpl/sercom/hpl_sercom.o
 .debug_macro   0x0001a937      0x454 hpl/sysctrl/hpl_sysctrl.o
 .debug_macro   0x0001ad8b      0x2da hpl/sysctrl/hpl_sysctrl.o
 .debug_macro   0x0001b065      0x44b hpl/systick/hpl_systick.o
 .debug_macro   0x0001b4b0       0x10 hpl/systick/hpl_systick.o
 .debug_macro   0x0001b4c0      0x4b7 hpl/tc/hpl_tc.o
 .debug_macro   0x0001b977       0x10 hpl/tc/hpl_tc.o
 .debug_macro   0x0001b987      0x124 hpl/tc/hpl_tc.o
 .debug_macro   0x0001baab      0x4ac hpl/wdt/hpl_wdt.o
 .debug_macro   0x0001bf57       0x1c hpl/wdt/hpl_wdt.o
 .debug_macro   0x0001bf73      0x899 main.o
 .debug_macro   0x0001c80c       0x88 main.o
 .debug_macro   0x0001c894      0x599 stdio_redirect/gcc/read.o
 .debug_macro   0x0001ce2d      0x599 stdio_redirect/gcc/write.o
 .debug_macro   0x0001d3c6      0x593 stdio_redirect/stdio_io.o
 .debug_macro   0x0001d959      0x841 stdio_start.o

.debug_line     0x00000000    0x1585a
 .debug_line    0x00000000      0xd48 App/DcaApp.o
 .debug_line    0x00000d48      0xdf8 atmel_start.o
 .debug_line    0x00001b40      0xbc4 DcaCore/Watchdog.o
 .debug_line    0x00002704      0x70c Device_Startup/startup_samd21.o
 .debug_line    0x00002e10      0xe89 driver_init.o
 .debug_line    0x00003c99      0x9b1 hal/src/hal_delay.o
 .debug_line    0x0000464a      0xa2c hal/src/hal_ext_irq.o
 .debug_line    0x00005076      0x99e hal/src/hal_io.o
 .debug_line    0x00005a14      0xb04 hal/src/hal_spi_m_sync.o
 .debug_line    0x00006518      0xb24 hal/src/hal_timer.o
 .debug_line    0x0000703c      0xb69 hal/src/hal_usart_sync.o
 .debug_line    0x00007ba5      0x950 hal/utils/src/utils_assert.o
 .debug_line    0x000084f5      0x9e9 hal/utils/src/utils_list.o
 .debug_line    0x00008ede      0x40b hal/utils/src/utils_syscalls.o
 .debug_line    0x000092e9      0xaff hpl/core/hpl_core_m0plus_base.o
 .debug_line    0x00009de8      0xa30 hpl/core/hpl_init.o
 .debug_line    0x0000a818      0xb48 hpl/eic/hpl_eic.o
 .debug_line    0x0000b360      0x9ea hpl/gclk/hpl_gclk.o
 .debug_line    0x0000bd4a      0x9f6 hpl/pm/hpl_pm.o
 .debug_line    0x0000c740     0x28d5 hpl/sercom/hpl_sercom.o
 .debug_line    0x0000f015      0x9f5 hpl/sysctrl/hpl_sysctrl.o
 .debug_line    0x0000fa0a      0x9db hpl/systick/hpl_systick.o
 .debug_line    0x000103e5      0xc98 hpl/tc/hpl_tc.o
 .debug_line    0x0001107d      0xbbb hpl/wdt/hpl_wdt.o
 .debug_line    0x00011c38      0xe74 main.o
 .debug_line    0x00012aac      0xa79 stdio_redirect/gcc/read.o
 .debug_line    0x00013525      0xa7a stdio_redirect/gcc/write.o
 .debug_line    0x00013f9f      0xa9d stdio_redirect/stdio_io.o
 .debug_line    0x00014a3c      0xe1e stdio_start.o

.debug_str      0x00000000    0x8c454
 .debug_str     0x00000000    0x7d9b6 App/DcaApp.o
                              0x7df00 (size before relaxing)
 .debug_str     0x0007d9b6      0xadd atmel_start.o
                              0x7e7dc (size before relaxing)
 .debug_str     0x0007e493       0x54 DcaCore/Watchdog.o
                              0x7a02a (size before relaxing)
 .debug_str     0x0007e4e7     0x10b4 Device_Startup/startup_samd21.o
                              0x7179d (size before relaxing)
 .debug_str     0x0007f59b     0x1811 driver_init.o
                              0x7c55f (size before relaxing)
 .debug_str     0x00080dac       0x89 hal/src/hal_delay.o
                              0x792c3 (size before relaxing)
 .debug_str     0x00080e35       0xcc hal/src/hal_ext_irq.o
                              0x7931e (size before relaxing)
 .debug_str     0x00080f01       0x2c hal/src/hal_io.o
                              0x79306 (size before relaxing)
 .debug_str     0x00080f2d      0x2ef hal/src/hal_spi_m_sync.o
                              0x79bf3 (size before relaxing)
 .debug_str     0x0008121c      0x305 hal/src/hal_timer.o
                              0x79b98 (size before relaxing)
 .debug_str     0x00081521      0x4aa hal/src/hal_usart_sync.o
                              0x79da6 (size before relaxing)
 .debug_str     0x000819cb       0x2a hal/utils/src/utils_assert.o
                              0x79269 (size before relaxing)
 .debug_str     0x000819f5       0x31 hal/utils/src/utils_list.o
                              0x79313 (size before relaxing)
 .debug_str     0x00081a26      0x64c hal/utils/src/utils_syscalls.o
                               0x7308 (size before relaxing)
 .debug_str     0x00082072      0x2e2 hpl/core/hpl_core_m0plus_base.o
                              0x79eee (size before relaxing)
 .debug_str     0x00082354     0x17d7 hpl/core/hpl_init.o
                              0x7b04c (size before relaxing)
 .debug_str     0x00083b2b      0xee5 hpl/eic/hpl_eic.o
                              0x7d598 (size before relaxing)
 .debug_str     0x00084a10      0x855 hpl/gclk/hpl_gclk.o
                              0x79b8c (size before relaxing)
 .debug_str     0x00085265      0x194 hpl/pm/hpl_pm.o
                              0x79bab (size before relaxing)
 .debug_str     0x000853f9     0x4a60 hpl/sercom/hpl_sercom.o
                              0x7f631 (size before relaxing)
 .debug_str     0x00089e59     0x11fa hpl/sysctrl/hpl_sysctrl.o
                              0x7a570 (size before relaxing)
 .debug_str     0x0008b053       0xcd hpl/systick/hpl_systick.o
                              0x792b1 (size before relaxing)
 .debug_str     0x0008b120      0xc72 hpl/tc/hpl_tc.o
                              0x7ae15 (size before relaxing)
 .debug_str     0x0008bd92      0x3ff hpl/wdt/hpl_wdt.o
                              0x797e8 (size before relaxing)
 .debug_str     0x0008c191      0x1f7 main.o
                              0x7ea98 (size before relaxing)
 .debug_str     0x0008c388       0x2b stdio_redirect/gcc/read.o
                              0x7d016 (size before relaxing)
 .debug_str     0x0008c3b3       0x2d stdio_redirect/gcc/write.o
                              0x7d018 (size before relaxing)
 .debug_str     0x0008c3e0       0x4b stdio_redirect/stdio_io.o
                              0x7d0b1 (size before relaxing)
 .debug_str     0x0008c42b       0x29 stdio_start.o
                              0x7e809 (size before relaxing)

.debug_frame    0x00000000     0x26dc
 .debug_frame   0x00000000       0x44 App/DcaApp.o
 .debug_frame   0x00000044       0x28 atmel_start.o
 .debug_frame   0x0000006c       0x40 DcaCore/Watchdog.o
 .debug_frame   0x000000ac       0x40 Device_Startup/startup_samd21.o
 .debug_frame   0x000000ec      0x1ac driver_init.o
 .debug_frame   0x00000298       0x68 hal/src/hal_delay.o
 .debug_frame   0x00000300       0xc8 hal/src/hal_ext_irq.o
 .debug_frame   0x000003c8       0x58 hal/src/hal_io.o
 .debug_frame   0x00000420      0x188 hal/src/hal_spi_m_sync.o
 .debug_frame   0x000005a8      0x13c hal/src/hal_timer.o
 .debug_frame   0x000006e4      0x1f8 hal/src/hal_usart_sync.o
 .debug_frame   0x000008dc       0x20 hal/utils/src/utils_assert.o
 .debug_frame   0x000008fc       0x88 hal/utils/src/utils_list.o
 .debug_frame   0x00000984       0xa8 hal/utils/src/utils_syscalls.o
 .debug_frame   0x00000a2c       0xd4 hpl/core/hpl_core_m0plus_base.o
 .debug_frame   0x00000b00       0x28 hpl/core/hpl_init.o
 .debug_frame   0x00000b28       0x6c hpl/eic/hpl_eic.o
 .debug_frame   0x00000b94       0x30 hpl/gclk/hpl_gclk.o
 .debug_frame   0x00000bc4       0x40 hpl/pm/hpl_pm.o
 .debug_frame   0x00000c04      0xea0 hpl/sercom/hpl_sercom.o
 .debug_frame   0x00001aa4       0x30 hpl/sysctrl/hpl_sysctrl.o
 .debug_frame   0x00001ad4       0x78 hpl/systick/hpl_systick.o
 .debug_frame   0x00001b4c      0x14c hpl/tc/hpl_tc.o
 .debug_frame   0x00001c98       0xc0 hpl/wdt/hpl_wdt.o
 .debug_frame   0x00001d58       0x28 main.o
 .debug_frame   0x00001d80       0x28 stdio_redirect/gcc/read.o
 .debug_frame   0x00001da8       0x28 stdio_redirect/gcc/write.o
 .debug_frame   0x00001dd0       0x6c stdio_redirect/stdio_io.o
 .debug_frame   0x00001e3c       0x40 stdio_start.o
 .debug_frame   0x00001e7c       0x20 c:/program files (x86)/atmel/studio/7.0/toolchain/arm/arm-gnu-toolchain/bin/../lib/gcc/arm-none-eabi/6.3.1/thumb/v6-m\libgcc.a(_udivsi3.o)
 .debug_frame   0x00001e9c       0x34 c:/program files (x86)/atmel/studio/7.0/toolchain/arm/arm-gnu-toolchain/bin/../lib/gcc/arm-none-eabi/6.3.1/thumb/v6-m\libgcc.a(_muldi3.o)
 .debug_frame   0x00001ed0       0x28 c:/program files (x86)/atmel/studio/7.0/toolchain/arm/arm-gnu-toolchain/bin/../lib/gcc/arm-none-eabi/6.3.1/thumb/v6-m\libgcc.a(_ffssi2.o)
 .debug_frame   0x00001ef8       0x2c c:/program files (x86)/atmel/studio/7.0/toolchain/arm/arm-gnu-toolchain/bin/../lib/gcc/arm-none-eabi/6.3.1/../../../../arm-none-eabi/lib/thumb/v6-m\libc_nano.a(lib_a-init.o)
 .debug_frame   0x00001f24       0x20 c:/program files (x86)/atmel/studio/7.0/toolchain/arm/arm-gnu-toolchain/bin/../lib/gcc/arm-none-eabi/6.3.1/../../../../arm-none-eabi/lib/thumb/v6-m\libc_nano.a(lib_a-memset.o)
 .debug_frame   0x00001f44       0x50 c:/program files (x86)/atmel/studio/7.0/toolchain/arm/arm-gnu-toolchain/bin/../lib/gcc/arm-none-eabi/6.3.1/../../../../arm-none-eabi/lib/thumb/v6-m\libc_nano.a(lib_a-printf.o)
 .debug_frame   0x00001f94       0x44 c:/program files (x86)/atmel/studio/7.0/toolchain/arm/arm-gnu-toolchain/bin/../lib/gcc/arm-none-eabi/6.3.1/../../../../arm-none-eabi/lib/thumb/v6-m\libc_nano.a(lib_a-puts.o)
 .debug_frame   0x00001fd8       0x28 c:/program files (x86)/atmel/studio/7.0/toolchain/arm/arm-gnu-toolchain/bin/../lib/gcc/arm-none-eabi/6.3.1/../../../../arm-none-eabi/lib/thumb/v6-m\libc_nano.a(lib_a-setbuf.o)
 .debug_frame   0x00002000       0x30 c:/program files (x86)/atmel/studio/7.0/toolchain/arm/arm-gnu-toolchain/bin/../lib/gcc/arm-none-eabi/6.3.1/../../../../arm-none-eabi/lib/thumb/v6-m\libc_nano.a(lib_a-setvbuf.o)
 .debug_frame   0x00002030       0x48 c:/program files (x86)/atmel/studio/7.0/toolchain/arm/arm-gnu-toolchain/bin/../lib/gcc/arm-none-eabi/6.3.1/../../../../arm-none-eabi/lib/thumb/v6-m\libc_nano.a(lib_a-wbuf.o)
 .debug_frame   0x00002078       0x2c c:/program files (x86)/atmel/studio/7.0/toolchain/arm/arm-gnu-toolchain/bin/../lib/gcc/arm-none-eabi/6.3.1/../../../../arm-none-eabi/lib/thumb/v6-m\libc_nano.a(lib_a-wsetup.o)
 .debug_frame   0x000020a4       0x68 c:/program files (x86)/atmel/studio/7.0/toolchain/arm/arm-gnu-toolchain/bin/../lib/gcc/arm-none-eabi/6.3.1/../../../../arm-none-eabi/lib/thumb/v6-m\libc_nano.a(lib_a-fflush.o)
 .debug_frame   0x0000210c      0x140 c:/program files (x86)/atmel/studio/7.0/toolchain/arm/arm-gnu-toolchain/bin/../lib/gcc/arm-none-eabi/6.3.1/../../../../arm-none-eabi/lib/thumb/v6-m\libc_nano.a(lib_a-findfp.o)
 .debug_frame   0x0000224c       0x58 c:/program files (x86)/atmel/studio/7.0/toolchain/arm/arm-gnu-toolchain/bin/../lib/gcc/arm-none-eabi/6.3.1/../../../../arm-none-eabi/lib/thumb/v6-m\libc_nano.a(lib_a-fwalk.o)
 .debug_frame   0x000022a4       0x54 c:/program files (x86)/atmel/studio/7.0/toolchain/arm/arm-gnu-toolchain/bin/../lib/gcc/arm-none-eabi/6.3.1/../../../../arm-none-eabi/lib/thumb/v6-m\libc_nano.a(lib_a-makebuf.o)
 .debug_frame   0x000022f8       0x40 c:/program files (x86)/atmel/studio/7.0/toolchain/arm/arm-gnu-toolchain/bin/../lib/gcc/arm-none-eabi/6.3.1/../../../../arm-none-eabi/lib/thumb/v6-m\libc_nano.a(lib_a-malloc.o)
 .debug_frame   0x00002338       0x2c c:/program files (x86)/atmel/studio/7.0/toolchain/arm/arm-gnu-toolchain/bin/../lib/gcc/arm-none-eabi/6.3.1/../../../../arm-none-eabi/lib/thumb/v6-m\libc_nano.a(lib_a-nano-freer.o)
 .debug_frame   0x00002364       0x2c c:/program files (x86)/atmel/studio/7.0/toolchain/arm/arm-gnu-toolchain/bin/../lib/gcc/arm-none-eabi/6.3.1/../../../../arm-none-eabi/lib/thumb/v6-m\libc_nano.a(lib_a-nano-mallocr.o)
 .debug_frame   0x00002390       0x9c c:/program files (x86)/atmel/studio/7.0/toolchain/arm/arm-gnu-toolchain/bin/../lib/gcc/arm-none-eabi/6.3.1/../../../../arm-none-eabi/lib/thumb/v6-m\libc_nano.a(lib_a-nano-vfprintf.o)
 .debug_frame   0x0000242c       0x54 c:/program files (x86)/atmel/studio/7.0/toolchain/arm/arm-gnu-toolchain/bin/../lib/gcc/arm-none-eabi/6.3.1/../../../../arm-none-eabi/lib/thumb/v6-m\libc_nano.a(lib_a-nano-vfprintf_i.o)
 .debug_frame   0x00002480       0x48 c:/program files (x86)/atmel/studio/7.0/toolchain/arm/arm-gnu-toolchain/bin/../lib/gcc/arm-none-eabi/6.3.1/../../../../arm-none-eabi/lib/thumb/v6-m\libc_nano.a(lib_a-reent.o)
 .debug_frame   0x000024c8       0x2c c:/program files (x86)/atmel/studio/7.0/toolchain/arm/arm-gnu-toolchain/bin/../lib/gcc/arm-none-eabi/6.3.1/../../../../arm-none-eabi/lib/thumb/v6-m\libc_nano.a(lib_a-sbrkr.o)
 .debug_frame   0x000024f4       0x90 c:/program files (x86)/atmel/studio/7.0/toolchain/arm/arm-gnu-toolchain/bin/../lib/gcc/arm-none-eabi/6.3.1/../../../../arm-none-eabi/lib/thumb/v6-m\libc_nano.a(lib_a-stdio.o)
 .debug_frame   0x00002584       0x2c c:/program files (x86)/atmel/studio/7.0/toolchain/arm/arm-gnu-toolchain/bin/../lib/gcc/arm-none-eabi/6.3.1/../../../../arm-none-eabi/lib/thumb/v6-m\libc_nano.a(lib_a-writer.o)
 .debug_frame   0x000025b0       0x2c c:/program files (x86)/atmel/studio/7.0/toolchain/arm/arm-gnu-toolchain/bin/../lib/gcc/arm-none-eabi/6.3.1/../../../../arm-none-eabi/lib/thumb/v6-m\libc_nano.a(lib_a-closer.o)
 .debug_frame   0x000025dc       0x2c c:/program files (x86)/atmel/studio/7.0/toolchain/arm/arm-gnu-toolchain/bin/../lib/gcc/arm-none-eabi/6.3.1/../../../../arm-none-eabi/lib/thumb/v6-m\libc_nano.a(lib_a-fstatr.o)
 .debug_frame   0x00002608       0x2c c:/program files (x86)/atmel/studio/7.0/toolchain/arm/arm-gnu-toolchain/bin/../lib/gcc/arm-none-eabi/6.3.1/../../../../arm-none-eabi/lib/thumb/v6-m\libc_nano.a(lib_a-isattyr.o)
 .debug_frame   0x00002634       0x2c c:/program files (x86)/atmel/studio/7.0/toolchain/arm/arm-gnu-toolchain/bin/../lib/gcc/arm-none-eabi/6.3.1/../../../../arm-none-eabi/lib/thumb/v6-m\libc_nano.a(lib_a-lseekr.o)
 .debug_frame   0x00002660       0x20 c:/program files (x86)/atmel/studio/7.0/toolchain/arm/arm-gnu-toolchain/bin/../lib/gcc/arm-none-eabi/6.3.1/../../../../arm-none-eabi/lib/thumb/v6-m\libc_nano.a(lib_a-memchr-stub.o)
 .debug_frame   0x00002680       0x30 c:/program files (x86)/atmel/studio/7.0/toolchain/arm/arm-gnu-toolchain/bin/../lib/gcc/arm-none-eabi/6.3.1/../../../../arm-none-eabi/lib/thumb/v6-m\libc_nano.a(lib_a-mlock.o)
 .debug_frame   0x000026b0       0x2c c:/program files (x86)/atmel/studio/7.0/toolchain/arm/arm-gnu-toolchain/bin/../lib/gcc/arm-none-eabi/6.3.1/../../../../arm-none-eabi/lib/thumb/v6-m\libc_nano.a(lib_a-readr.o)
